C:\Users\PLANTIUM\Documents\MCUXpressoIDE_11.8.0_1165\workspace\evkmimxrt1064_flexspi_nor_polling_transfer\drivers/fsl_common_arm.h:210:20:_SDK_AtomicLocalClearAndSet4Byte	48	static
C:\Users\PLANTIUM\Documents\MCUXpressoIDE_11.8.0_1165\workspace\evkmimxrt1064_flexspi_nor_polling_transfer\drivers/fsl_clock.h:1497:20:CLOCK_ControlGate	32	static
C:\Users\PLANTIUM\Documents\MCUXpressoIDE_11.8.0_1165\workspace\evkmimxrt1064_flexspi_nor_polling_transfer\drivers/fsl_clock.h:1514:20:CLOCK_EnableClock	16	static
C:\Users\PLANTIUM\Documents\MCUXpressoIDE_11.8.0_1165\workspace\evkmimxrt1064_flexspi_nor_polling_transfer\drivers/fsl_iomuxc.h:1272:20:IOMUXC_SetPinMux	24	static
C:\Users\PLANTIUM\Documents\MCUXpressoIDE_11.8.0_1165\workspace\evkmimxrt1064_flexspi_nor_polling_transfer\drivers/fsl_iomuxc.h:1304:20:IOMUXC_SetPinConfig	24	static
../board/pin_mux.c:34:6:BOARD_InitBootPins	8	static
../board/pin_mux.c:69:6:BOARD_InitPins	16	static
