Archive member included to satisfy reference by file (symbol)

c:/nxp/mcuxpressoide_11.8.0_1165/ide/plugins/com.nxp.mcuxpresso.tools.win32_11.8.0.202306131047/tools/bin/../lib/gcc/arm-none-eabi/12.2.1/../../../../arm-none-eabi/lib/thumb/v7e-m+dp/hard\libcr_nohost_nf.a(_cr__main.o)
                              ./startup/startup_mimxrt1064.o (__main)
c:/nxp/mcuxpressoide_11.8.0_1165/ide/plugins/com.nxp.mcuxpresso.tools.win32_11.8.0.202306131047/tools/bin/../lib/gcc/arm-none-eabi/12.2.1/../../../../arm-none-eabi/lib/thumb/v7e-m+dp/hard\libcr_c.a(memset.o)
                              ./source/flexspi_nor_flash_ops.o (memset)
c:/nxp/mcuxpressoide_11.8.0_1165/ide/plugins/com.nxp.mcuxpresso.tools.win32_11.8.0.202306131047/tools/bin/../lib/gcc/arm-none-eabi/12.2.1/../../../../arm-none-eabi/lib/thumb/v7e-m+dp/hard\libcr_c.a(alloc.o)
                              ./drivers/fsl_common.o (malloc)
c:/nxp/mcuxpressoide_11.8.0_1165/ide/plugins/com.nxp.mcuxpresso.tools.win32_11.8.0.202306131047/tools/bin/../lib/gcc/arm-none-eabi/12.2.1/../../../../arm-none-eabi/lib/thumb/v7e-m+dp/hard\libcr_c.a(errno.o)
                              ./utilities/fsl_str.o (errno)
c:/nxp/mcuxpressoide_11.8.0_1165/ide/plugins/com.nxp.mcuxpresso.tools.win32_11.8.0.202306131047/tools/bin/../lib/gcc/arm-none-eabi/12.2.1/../../../../arm-none-eabi/lib/thumb/v7e-m+dp/hard\libcr_c.a(initio.o)
                              c:/nxp/mcuxpressoide_11.8.0_1165/ide/plugins/com.nxp.mcuxpresso.tools.win32_11.8.0.202306131047/tools/bin/../lib/gcc/arm-none-eabi/12.2.1/../../../../arm-none-eabi/lib/thumb/v7e-m+dp/hard\libcr_nohost_nf.a(_cr__main.o) (_initio)
c:/nxp/mcuxpressoide_11.8.0_1165/ide/plugins/com.nxp.mcuxpresso.tools.win32_11.8.0.202306131047/tools/bin/../lib/gcc/arm-none-eabi/12.2.1/../../../../arm-none-eabi/lib/thumb/v7e-m+dp/hard\libcr_c.a(memcmp.o)
                              ./source/flexspi_nor_polling_transfer.o (memcmp)
c:/nxp/mcuxpressoide_11.8.0_1165/ide/plugins/com.nxp.mcuxpresso.tools.win32_11.8.0.202306131047/tools/bin/../lib/gcc/arm-none-eabi/12.2.1/../../../../arm-none-eabi/lib/thumb/v7e-m+dp/hard\libcr_c.a(scanf.o)
                              ./utilities/fsl_str.o (strtoul)
c:/nxp/mcuxpressoide_11.8.0_1165/ide/plugins/com.nxp.mcuxpresso.tools.win32_11.8.0.202306131047/tools/bin/../lib/gcc/arm-none-eabi/12.2.1/../../../../arm-none-eabi/lib/thumb/v7e-m+dp/hard\libcr_c.a(setvbuf.o)
                              c:/nxp/mcuxpressoide_11.8.0_1165/ide/plugins/com.nxp.mcuxpresso.tools.win32_11.8.0.202306131047/tools/bin/../lib/gcc/arm-none-eabi/12.2.1/../../../../arm-none-eabi/lib/thumb/v7e-m+dp/hard\libcr_c.a(initio.o) (setvbuf)
c:/nxp/mcuxpressoide_11.8.0_1165/ide/plugins/com.nxp.mcuxpresso.tools.win32_11.8.0.202306131047/tools/bin/../lib/gcc/arm-none-eabi/12.2.1/../../../../arm-none-eabi/lib/thumb/v7e-m+dp/hard\libcr_c.a(strlen.o)
                              ./utilities/fsl_debug_console.o (strlen)
c:/nxp/mcuxpressoide_11.8.0_1165/ide/plugins/com.nxp.mcuxpresso.tools.win32_11.8.0.202306131047/tools/bin/../lib/gcc/arm-none-eabi/12.2.1/../../../../arm-none-eabi/lib/thumb/v7e-m+dp/hard\libcr_c.a(ungetc.o)
                              c:/nxp/mcuxpressoide_11.8.0_1165/ide/plugins/com.nxp.mcuxpresso.tools.win32_11.8.0.202306131047/tools/bin/../lib/gcc/arm-none-eabi/12.2.1/../../../../arm-none-eabi/lib/thumb/v7e-m+dp/hard\libcr_c.a(scanf.o) (ungetc)
c:/nxp/mcuxpressoide_11.8.0_1165/ide/plugins/com.nxp.mcuxpresso.tools.win32_11.8.0.202306131047/tools/bin/../lib/gcc/arm-none-eabi/12.2.1/../../../../arm-none-eabi/lib/thumb/v7e-m+dp/hard\libcr_c.a(__fillbuf.o)
                              c:/nxp/mcuxpressoide_11.8.0_1165/ide/plugins/com.nxp.mcuxpresso.tools.win32_11.8.0.202306131047/tools/bin/../lib/gcc/arm-none-eabi/12.2.1/../../../../arm-none-eabi/lib/thumb/v7e-m+dp/hard\libcr_c.a(scanf.o) (__filbuf)
c:/nxp/mcuxpressoide_11.8.0_1165/ide/plugins/com.nxp.mcuxpresso.tools.win32_11.8.0.202306131047/tools/bin/../lib/gcc/arm-none-eabi/12.2.1/../../../../arm-none-eabi/lib/thumb/v7e-m+dp/hard\libcr_c.a(__init_alloc.o)
                              c:/nxp/mcuxpressoide_11.8.0_1165/ide/plugins/com.nxp.mcuxpresso.tools.win32_11.8.0.202306131047/tools/bin/../lib/gcc/arm-none-eabi/12.2.1/../../../../arm-none-eabi/lib/thumb/v7e-m+dp/hard\libcr_c.a(alloc.o) (__heaps)
c:/nxp/mcuxpressoide_11.8.0_1165/ide/plugins/com.nxp.mcuxpresso.tools.win32_11.8.0.202306131047/tools/bin/../lib/gcc/arm-none-eabi/12.2.1/../../../../arm-none-eabi/lib/thumb/v7e-m+dp/hard\libcr_c.a(_cr_sbrk.o)
                              c:/nxp/mcuxpressoide_11.8.0_1165/ide/plugins/com.nxp.mcuxpresso.tools.win32_11.8.0.202306131047/tools/bin/../lib/gcc/arm-none-eabi/12.2.1/../../../../arm-none-eabi/lib/thumb/v7e-m+dp/hard\libcr_c.a(alloc.o) (_sbrk)
c:/nxp/mcuxpressoide_11.8.0_1165/ide/plugins/com.nxp.mcuxpresso.tools.win32_11.8.0.202306131047/tools/bin/../lib/gcc/arm-none-eabi/12.2.1/../../../../arm-none-eabi/lib/thumb/v7e-m+dp/hard\libcr_c.a(_deferredlazyseek.o)
[...]
Memory Configuration

Name             Origin             Length             Attributes
PROGRAM_FLASH    0x70000000         0x00400000         xr
SRAM_DTC         0x20000000         0x00020000         xrw
SRAM_ITC         0x00000000         0x00020000         xrw
SRAM_OC          0x20200000         0x000c0000         xrw
BOARD_SDRAM      0x80000000         0x01e00000         xrw
NCACHE_REGION    0x81e00000         0x00200000         xrw
*default*        0x00000000         0xffffffff

Linker script and memory map

LOAD ./xip/evkmimxrt1064_flexspi_nor_config.o
LOAD ./xip/fsl_flexspi_nor_boot.o
LOAD ./utilities/fsl_assert.o
LOAD ./utilities/fsl_debug_console.o
LOAD ./utilities/fsl_memcpy.o
LOAD ./utilities/fsl_str.o
LOAD ./startup/startup_mimxrt1064.o
LOAD ./source/flexspi_nor_flash_ops.o
LOAD ./source/flexspi_nor_polling_transfer.o
LOAD ./source/semihost_hardfault.o
LOAD ./drivers/fsl_cache.o
LOAD ./drivers/fsl_clock.o
LOAD ./drivers/fsl_common.o
LOAD ./drivers/fsl_common_arm.o
LOAD ./drivers/fsl_flexspi.o
LOAD ./drivers/fsl_gpio.o
LOAD ./drivers/fsl_lpuart.o
LOAD ./device/system_MIMXRT1064.o
LOAD ./component/uart/fsl_adapter_lpuart.o
LOAD ./component/lists/fsl_component_generic_list.o
LOAD ./board/board.o
LOAD ./board/clock_config.o
LOAD ./board/dcd.o
LOAD ./board/pin_mux.o
START GROUP
LOAD c:/nxp/mcuxpressoide_11.8.0_1165/ide/plugins/com.nxp.mcuxpresso.tools.win32_11.8.0.202306131047/tools/bin/../lib/gcc/arm-none-eabi/12.2.1/../../../../arm-none-eabi/lib/thumb/v7e-m+dp/hard\libcr_nohost_nf.a
LOAD c:/nxp/mcuxpressoide_11.8.0_1165/ide/plugins/com.nxp.mcuxpresso.tools.win32_11.8.0.202306131047/tools/bin/../lib/gcc/arm-none-eabi/12.2.1/../../../../arm-none-eabi/lib/thumb/v7e-m+dp/hard\libcr_c.a
LOAD c:/nxp/mcuxpressoide_11.8.0_1165/ide/plugins/com.nxp.mcuxpresso.tools.win32_11.8.0.202306131047/tools/bin/../lib/gcc/arm-none-eabi/12.2.1/thumb/v7e-m+dp/hard\libcr_eabihelpers.a
LOAD c:/nxp/mcuxpressoide_11.8.0_1165/ide/plugins/com.nxp.mcuxpresso.tools.win32_11.8.0.202306131047/tools/bin/../lib/gcc/arm-none-eabi/12.2.1/thumb/v7e-m+dp/hard\libgcc.a
END GROUP
                0x70000000                __base_PROGRAM_FLASH = 0x70000000
                0x70000000                __base_Flash = 0x70000000
                0x70400000                __top_PROGRAM_FLASH = 0x70400000
                0x70400000                __top_Flash = 0x70400000
                0x20000000                __base_SRAM_DTC = 0x20000000
                0x20000000                __base_RAM = 0x20000000
                0x20020000                __top_SRAM_DTC = 0x20020000
                0x20020000                __top_RAM = 0x20020000
                0x00000000                __base_SRAM_ITC = 0x0
                0x00000000                __base_RAM2 = 0x0
                0x00020000                __top_SRAM_ITC = 0x20000
                0x00020000                __top_RAM2 = 0x20000
                0x20200000                __base_SRAM_OC = 0x20200000
                0x20200000                __base_RAM3 = 0x20200000
                0x202c0000                __top_SRAM_OC = 0x202c0000
                0x202c0000                __top_RAM3 = 0x202c0000
                0x80000000                __base_BOARD_SDRAM = 0x80000000
                0x80000000                __base_RAM4 = 0x80000000
                0x81e00000                __top_BOARD_SDRAM = 0x81e00000
                0x81e00000                __top_RAM4 = 0x81e00000
                0x81e00000                __base_NCACHE_REGION = 0x81e00000
                0x81e00000                __base_RAM5 = 0x81e00000
                0x82000000                __top_NCACHE_REGION = 0x82000000
                0x82000000                __top_RAM5 = 0x82000000

.boot_hdr       0x70000000     0x2000
 FILL mask 0xff
                0x70000000                __boot_hdr_start__ = ABSOLUTE (.)
 *(SORT_BY_ALIGNMENT(.boot_hdr.conf))
 .boot_hdr.conf
                0x70000000      0x200 ./xip/evkmimxrt1064_flexspi_nor_config.o
                0x70000000                qspiflash_config
                0x00001000                . = 0x1000
 *fill*         0x70000200      0xe00 ff
 *(SORT_BY_ALIGNMENT(.boot_hdr.ivt))
 .boot_hdr.ivt  0x70001000       0x20 ./xip/fsl_flexspi_nor_boot.o
                0x70001000                image_vector_table
                0x00001020                . = 0x1020
 *(SORT_BY_ALIGNMENT(.boot_hdr.boot_data))
 .boot_hdr.boot_data
                0x70001020       0x10 ./xip/fsl_flexspi_nor_boot.o
                0x70001020                g_boot_data
                0x00001030                . = 0x1030
 *(SORT_BY_ALIGNMENT(.boot_hdr.dcd_data))
                0x70001030                __boot_hdr_end__ = ABSOLUTE (.)
                0x00002000                . = 0x2000
 *fill*         0x70001030      0xfd0 ff

.text           0x70002000     0x4764
 FILL mask 0xff
                0x70002000                __vectors_start__ = ABSOLUTE (.)
 *(SORT_BY_ALIGNMENT(.isr_vector))
 .isr_vector    0x70002000      0x2b8 ./startup/startup_mimxrt1064.o
                0x70002000                g_pfnVectors
                0x70002000                __Vectors
                0x700022b8                . = ALIGN (0x4)
                0x700022b8                __section_table_start = .
                0x700022b8                __data_section_table = .
                0x700022b8        0x4 LONG 0x70007c3c LOADADDR (.data)
                0x700022bc        0x4 LONG 0x20000000 ADDR (.data)
                0x700022c0        0x4 LONG 0x24 SIZEOF (.data)
                0x700022c4        0x4 LONG 0x70006764 LOADADDR (.data_RAM2)
                0x700022c8        0x4 LONG 0x0 ADDR (.data_RAM2)
                0x700022cc        0x4 LONG 0x14d8 SIZEOF (.data_RAM2)
                0x700022d0        0x4 LONG 0x70007c3c LOADADDR (.data_RAM3)
                0x700022d4        0x4 LONG 0x20200000 ADDR (.data_RAM3)
                0x700022d8        0x4 LONG 0x0 SIZEOF (.data_RAM3)
                0x700022dc        0x4 LONG 0x70007c3c LOADADDR (.data_RAM4)
                0x700022e0        0x4 LONG 0x80000000 ADDR (.data_RAM4)
                0x700022e4        0x4 LONG 0x0 SIZEOF (.data_RAM4)
                0x700022e8        0x4 LONG 0x70007c3c LOADADDR (.data_RAM5)
                0x700022ec        0x4 LONG 0x81e00000 ADDR (.data_RAM5)
                0x700022f0        0x4 LONG 0x0 SIZEOF (.data_RAM5)
                0x700022f4                __data_section_table_end = .
                0x700022f4                __bss_section_table = .
                0x700022f4        0x4 LONG 0x20000024 ADDR (.bss)
                0x700022f8        0x4 LONG 0x0 SIZEOF (.bss)
                0x700022fc        0x4 LONG 0x14d8 ADDR (.bss_RAM2)
                0x70002300        0x4 LONG 0x0 SIZEOF (.bss_RAM2)
                0x70002304        0x4 LONG 0x20200000 ADDR (.bss_RAM3)
                0x70002308        0x4 LONG 0x32c SIZEOF (.bss_RAM3)
                0x7000230c        0x4 LONG 0x80000000 ADDR (.bss_RAM4)
                0x70002310        0x4 LONG 0x0 SIZEOF (.bss_RAM4)
                0x70002314        0x4 LONG 0x81e00000 ADDR (.bss_RAM5)
                0x70002318        0x4 LONG 0x0 SIZEOF (.bss_RAM5)
                0x7000231c                __bss_section_table_end = .
                0x7000231c                __section_table_end = .
 *(SORT_BY_ALIGNMENT(.after_vectors*))
 .after_vectors.reset
                0x7000231c       0x54 ./startup/startup_mimxrt1064.o
                0x7000231c                ResetISR
 .after_vectors.init_data
                0x70002370       0x1e ./startup/startup_mimxrt1064.o
                0x70002370                data_init
 .after_vectors.init_bss
                0x7000238e       0x12 ./startup/startup_mimxrt1064.o
                0x7000238e                bss_init
 .after_vectors
                0x700023a0       0x14 ./startup/startup_mimxrt1064.o
                0x700023a0                NMI_Handler
                0x700023a4                MemManage_Handler
                0x700023a6                BusFault_Handler
                0x700023a8                UsageFault_Handler
                0x700023aa                SVC_Handler
                0x700023ac                DebugMon_Handler
                0x700023ae                PendSV_Handler
                0x700023b0                SysTick_Handler
                0x700023b2                PMU_EVENT_DriverIRQHandler
                0x700023b2                PWM4_FAULT_DriverIRQHandler
                0x700023b2                DMA13_DMA29_DriverIRQHandler
                0x700023b2                FLEXRAM_DriverIRQHandler
                0x700023b2                CCM_2_DriverIRQHandler
                0x700023b2                SEMC_DriverIRQHandler
                0x700023b2                SPDIF_DriverIRQHandler
                0x700023b2                PIT_DriverIRQHandler
                0x700023b2                PWM4_3_DriverIRQHandler
                0x700023b2                ENET2_DriverIRQHandler
                0x700023b2                LPSPI4_DriverIRQHandler
                0x700023b2                LCDIF_DriverIRQHandler
                0x700023b2                USB_PHY1_DriverIRQHandler
                0x700023b2                GPIO3_Combined_0_15_DriverIRQHandler
                0x700023b2                CAN3_DriverIRQHandler
                0x700023b2                Reserved171_DriverIRQHandler
                0x700023b2                DMA7_DMA23_DriverIRQHandler
                0x700023b2                BEE_DriverIRQHandler
                0x700023b2                LPI2C3_DriverIRQHandler
                0x700023b2                GPR_IRQ_DriverIRQHandler
                0x700023b2                PWM2_FAULT_DriverIRQHandler
                0x700023b2                PWM3_1_DriverIRQHandler
                0x700023b2                DMA14_DMA30_DriverIRQHandler
                0x700023b2                TMR1_DriverIRQHandler
                0x700023b2                TRNG_DriverIRQHandler
                0x700023b2                PWM3_2_DriverIRQHandler
                0x700023b2                ENET_1588_Timer_DriverIRQHandler
                0x700023b2                FLEXIO2_DriverIRQHandler
                0x700023b2                GPIO2_Combined_16_31_DriverIRQHandler
                0x700023b2                Reserved143_DriverIRQHandler
                0x700023b2                SAI3_RX_DriverIRQHandler
                0x700023b2                PWM4_1_DriverIRQHandler
                0x700023b2                PWM3_3_DriverIRQHandler
                0x700023b2                DMA0_DMA16_DriverIRQHandler
                0x700023b2                IntDefaultHandler
                0x700023b2                DMA2_DMA18_DriverIRQHandler
                0x700023b2                SRC_DriverIRQHandler
                0x700023b2                GPIO1_INT4_DriverIRQHandler
                0x700023b2                Reserved144_DriverIRQHandler
                0x700023b2                USDHC1_DriverIRQHandler
                0x700023b2                ENC3_DriverIRQHandler
                0x700023b2                PWM3_FAULT_DriverIRQHandler
                0x700023b2                EWM_DriverIRQHandler
                0x700023b2                LPSPI2_DriverIRQHandler
                0x700023b2                WDOG1_DriverIRQHandler
                0x700023b2                FLEXIO1_DriverIRQHandler
                0x700023b2                ENET_DriverIRQHandler
                0x700023b2                Reserved78_DriverIRQHandler
                0x700023b2                TMR4_DriverIRQHandler
                0x700023b2                ENC2_DriverIRQHandler
                0x700023b2                ADC_ETC_IRQ2_DriverIRQHandler
                0x700023b2                GPIO1_Combined_16_31_DriverIRQHandler
                0x700023b2                GPIO1_INT7_DriverIRQHandler
                0x700023b2                SAI1_DriverIRQHandler
                0x700023b2                DCDC_DriverIRQHandler
                0x700023b2                DMA12_DMA28_DriverIRQHandler
                0x700023b2                PWM4_0_DriverIRQHandler
                0x700023b2                ADC_ETC_ERROR_IRQ_DriverIRQHandler
                0x700023b2                ACMP2_DriverIRQHandler
                0x700023b2                GPIO5_Combined_0_15_DriverIRQHandler
                0x700023b2                GPIO1_INT0_DriverIRQHandler
                0x700023b2                GPIO1_INT2_DriverIRQHandler
                0x700023b2                RTWDOG_DriverIRQHandler
                0x700023b2                GPT2_DriverIRQHandler
                0x700023b2                USB_PHY2_DriverIRQHandler
                0x700023b2                DMA10_DMA26_DriverIRQHandler
                0x700023b2                PWM2_1_DriverIRQHandler
                0x700023b2                PWM1_1_DriverIRQHandler
                0x700023b2                PXP_DriverIRQHandler
                0x700023b2                ADC1_DriverIRQHandler
                0x700023b2                PWM1_0_DriverIRQHandler
                0x700023b2                SJC_DriverIRQHandler
                0x700023b2                DMA1_DMA17_DriverIRQHandler
                0x700023b2                ENC1_DriverIRQHandler
                0x700023b2                ENC4_DriverIRQHandler
                0x700023b2                CAN2_DriverIRQHandler
                0x700023b2                DCP_DriverIRQHandler
                0x700023b2                CTI0_ERROR_DriverIRQHandler
                0x700023b2                DMA8_DMA24_DriverIRQHandler
                0x700023b2                GPT1_DriverIRQHandler
                0x700023b2                ACMP3_DriverIRQHandler
                0x700023b2                DMA6_DMA22_DriverIRQHandler
                0x700023b2                CSU_DriverIRQHandler
                0x700023b2                GPIO1_INT5_DriverIRQHandler
                0x700023b2                TMR3_DriverIRQHandler
                0x700023b2                TMR2_DriverIRQHandler
                0x700023b2                CTI1_ERROR_DriverIRQHandler
                0x700023b2                GPIO1_Combined_0_15_DriverIRQHandler
                0x700023b2                USDHC2_DriverIRQHandler
                0x700023b2                PWM4_2_DriverIRQHandler
                0x700023b2                KPP_DriverIRQHandler
                0x700023b2                SAI2_DriverIRQHandler
                0x700023b2                CORE_DriverIRQHandler
                0x700023b2                TSC_DIG_DriverIRQHandler
                0x700023b2                DMA11_DMA27_DriverIRQHandler
                0x700023b2                CSI_DriverIRQHandler
                0x700023b2                PWM2_3_DriverIRQHandler
                0x700023b2                XBAR1_IRQ_2_3_DriverIRQHandler
                0x700023b2                SNVS_HP_WRAPPER_TZ_DriverIRQHandler
                0x700023b2                GPIO3_Combined_16_31_DriverIRQHandler
                0x700023b2                PWM1_FAULT_DriverIRQHandler
                0x700023b2                LPI2C1_DriverIRQHandler
                0x700023b2                ENET2_1588_Timer_DriverIRQHandler
                0x700023b2                PWM2_2_DriverIRQHandler
                0x700023b2                DMA4_DMA20_DriverIRQHandler
                0x700023b2                DMA9_DMA25_DriverIRQHandler
                0x700023b2                SNVS_HP_WRAPPER_DriverIRQHandler
                0x700023b2                XBAR1_IRQ_0_1_DriverIRQHandler
                0x700023b2                ADC_ETC_IRQ1_DriverIRQHandler
                0x700023b2                LPSPI1_DriverIRQHandler
                0x700023b2                DMA3_DMA19_DriverIRQHandler
                0x700023b2                GPIO1_INT3_DriverIRQHandler
                0x700023b2                DCP_VMI_DriverIRQHandler
                0x700023b2                LPI2C4_DriverIRQHandler
                0x700023b2                GPC_DriverIRQHandler
                0x700023b2                GPIO2_Combined_0_15_DriverIRQHandler
                0x700023b2                PWM1_2_DriverIRQHandler
                0x700023b2                USB_OTG1_DriverIRQHandler
                0x700023b2                TEMP_LOW_HIGH_DriverIRQHandler
                0x700023b2                SAI3_TX_DriverIRQHandler
                0x700023b2                FLEXIO3_DriverIRQHandler
                0x700023b2                WDOG2_DriverIRQHandler
                0x700023b2                Reserved68_DriverIRQHandler
                0x700023b2                PWM3_0_DriverIRQHandler
                0x700023b2                GPIO4_Combined_0_15_DriverIRQHandler
                0x700023b2                GPIO4_Combined_16_31_DriverIRQHandler
                0x700023b2                GPIO6_7_8_9_DriverIRQHandler
                0x700023b2                GPIO5_Combined_16_31_DriverIRQHandler
                0x700023b2                DMA5_DMA21_DriverIRQHandler
                0x700023b2                CCM_1_DriverIRQHandler
                0x700023b2                ADC2_DriverIRQHandler
                0x700023b2                Reserved115_DriverIRQHandler
                0x700023b2                TEMP_PANIC_DriverIRQHandler
                0x700023b2                ACMP4_DriverIRQHandler
                0x700023b2                DMA15_DMA31_DriverIRQHandler
                0x700023b2                LPSPI3_DriverIRQHandler
                0x700023b2                PWM1_3_DriverIRQHandler
                0x700023b2                ACMP1_DriverIRQHandler
                0x700023b2                LPI2C2_DriverIRQHandler
                0x700023b2                Reserved86_DriverIRQHandler
                0x700023b2                GPIO10_DriverIRQHandler
                0x700023b2                DMA_ERROR_DriverIRQHandler
                0x700023b2                ADC_ETC_IRQ0_DriverIRQHandler
                0x700023b2                CAN1_DriverIRQHandler
                0x700023b2                GPIO1_INT6_DriverIRQHandler
                0x700023b2                GPIO1_INT1_DriverIRQHandler
                0x700023b2                PWM2_0_DriverIRQHandler
                0x700023b2                SNVS_LP_WRAPPER_DriverIRQHandler
                0x700023b2                USB_OTG2_DriverIRQHandler
 *(SORT_BY_ALIGNMENT(EXCLUDE_FILE(*fsl_flexspi.o *flexspi_nor_flash_ops.o) .text*))
 .text.__assertion_failed
                0x700023b4       0x18 ./utilities/fsl_assert.o
                0x700023b4                __assertion_failed
 .text.DbgConsole_Init
                0x700023cc       0x88 ./utilities/fsl_debug_console.o
                0x700023cc                DbgConsole_Init
 .text.DbgConsole_Vprintf
                0x70002454       0x3c ./utilities/fsl_debug_console.o
                0x70002454                DbgConsole_Vprintf
 .text.DbgConsole_Putchar
                0x70002490       0x30 ./utilities/fsl_debug_console.o
                0x70002490                DbgConsole_Putchar
 .text.DbgConsole_PrintfFormattedData
                0x700024c0      0x3e0 ./utilities/fsl_debug_console.o
 .text          0x700028a0       0xa0 ./utilities/fsl_memcpy.o
                0x700028a0                memcpy
 .text.main     0x70002940      0x180 ./source/flexspi_nor_polling_transfer.o
                0x70002940                main
 .text.L1CACHE_InvalidateDCacheByRange
                0x70002ac0       0x68 ./drivers/fsl_cache.o
 .text.CLOCK_GetOscFreq
                0x70002b28       0x30 ./drivers/fsl_clock.o
 .text.CLOCK_InitExternalClk
                0x70002b58       0x6c ./drivers/fsl_clock.o
                0x70002b58                CLOCK_InitExternalClk
 .text.CLOCK_SwitchOsc
                0x70002bc4       0x34 ./drivers/fsl_clock.o
                0x70002bc4                CLOCK_SwitchOsc
 .text.CLOCK_InitRcOsc24M
                0x70002bf8       0x24 ./drivers/fsl_clock.o
                0x70002bf8                CLOCK_InitRcOsc24M
 .text.CLOCK_InitArmPll
                0x70002c1c       0x68 ./drivers/fsl_clock.o
                0x70002c1c                CLOCK_InitArmPll
 .text.CLOCK_InitSysPll
                0x70002c84       0x9c ./drivers/fsl_clock.o
                0x70002c84                CLOCK_InitSysPll
 .text.CLOCK_DeinitUsb2Pll
                0x70002d20       0x18 ./drivers/fsl_clock.o
                0x70002d20                CLOCK_DeinitUsb2Pll
 .text.CLOCK_DeinitAudioPll
                0x70002d38       0x1c ./drivers/fsl_clock.o
                0x70002d38                CLOCK_DeinitAudioPll
 .text.CLOCK_DeinitEnetPll
                0x70002d54       0x1c ./drivers/fsl_clock.o
                0x70002d54                CLOCK_DeinitEnetPll
 .text.CLOCK_GetPllFreq
                0x70002d70      0x3d8 ./drivers/fsl_clock.o
                0x70002d70                CLOCK_GetPllFreq
 .text.CLOCK_InitSysPfd
                0x70003148       0x64 ./drivers/fsl_clock.o
                0x70003148                CLOCK_InitSysPfd
 .text.CLOCK_ControlGate
                0x700031ac       0x60 ./drivers/fsl_lpuart.o
 .text.LPUART_GetInstance
                0x7000320c       0x4c ./drivers/fsl_lpuart.o
                0x7000320c                LPUART_GetInstance
 .text.LPUART_Init
                0x70003258      0x320 ./drivers/fsl_lpuart.o
                0x70003258                LPUART_Init
 .text.LPUART_GetDefaultConfig
                0x70003578       0x88 ./drivers/fsl_lpuart.o
                0x70003578                LPUART_GetDefaultConfig
 .text.LPUART_GetStatusFlags
                0x70003600       0x38 ./drivers/fsl_lpuart.o
                0x70003600                LPUART_GetStatusFlags
 .text.LPUART_ClearStatusFlags
                0x70003638       0x7c ./drivers/fsl_lpuart.o
                0x70003638                LPUART_ClearStatusFlags
 .text.LPUART_WriteBlocking
                0x700036b4       0x68 ./drivers/fsl_lpuart.o
                0x700036b4                LPUART_WriteBlocking
 .text.LPUART_ReadBlocking
                0x7000371c      0x160 ./drivers/fsl_lpuart.o
                0x7000371c                LPUART_ReadBlocking
 .text.LPUART1_DriverIRQHandler
                0x7000387c       0x28 ./drivers/fsl_lpuart.o
                0x7000387c                LPUART1_DriverIRQHandler
 .text.LPUART2_DriverIRQHandler
                0x700038a4       0x28 ./drivers/fsl_lpuart.o
                0x700038a4                LPUART2_DriverIRQHandler
 .text.LPUART3_DriverIRQHandler
                0x700038cc       0x28 ./drivers/fsl_lpuart.o
                0x700038cc                LPUART3_DriverIRQHandler
 .text.LPUART4_DriverIRQHandler
                0x700038f4       0x28 ./drivers/fsl_lpuart.o
                0x700038f4                LPUART4_DriverIRQHandler
 .text.LPUART5_DriverIRQHandler
                0x7000391c       0x28 ./drivers/fsl_lpuart.o
                0x7000391c                LPUART5_DriverIRQHandler
 .text.LPUART6_DriverIRQHandler
                0x70003944       0x28 ./drivers/fsl_lpuart.o
                0x70003944                LPUART6_DriverIRQHandler
 .text.LPUART7_DriverIRQHandler
                0x7000396c       0x28 ./drivers/fsl_lpuart.o
                0x7000396c                LPUART7_DriverIRQHandler
 .text.LPUART8_DriverIRQHandler
                0x70003994       0x28 ./drivers/fsl_lpuart.o
                0x70003994                LPUART8_DriverIRQHandler
 .text.SystemInit
                0x700039bc      0x144 ./device/system_MIMXRT1064.o
                0x700039bc                SystemInit
 .text.HAL_UartInitCommon
                0x70003b00       0xe0 ./component/uart/fsl_adapter_lpuart.o
 .text.HAL_UartInit
                0x70003be0       0x84 ./component/uart/fsl_adapter_lpuart.o
                0x70003be0                HAL_UartInit
 .text.HAL_UartReceiveBlocking
                0x70003c64       0x6c ./component/uart/fsl_adapter_lpuart.o
                0x70003c64                HAL_UartReceiveBlocking
 .text.HAL_UartSendBlocking
                0x70003cd0       0x64 ./component/uart/fsl_adapter_lpuart.o
                0x70003cd0                HAL_UartSendBlocking
 .text.ARM_MPU_Enable
                0x70003d34       0x44 ./board/board.o
 .text.ARM_MPU_Disable
                0x70003d78       0x40 ./board/board.o
 .text.CLOCK_GetMux
                0x70003db8       0x44 ./board/board.o
 .text.CLOCK_GetDiv
                0x70003dfc       0x44 ./board/board.o
 .text.CLOCK_GetOscFreq
                0x70003e40       0x30 ./board/board.o
 .text.BOARD_DebugConsoleSrcFreq
                0x70003e70       0x64 ./board/board.o
                0x70003e70                BOARD_DebugConsoleSrcFreq
 .text.BOARD_ConfigMPU
                0x70003ed4      0x34c ./board/board.o
                0x70003ed4                BOARD_ConfigMPU
 .text.CLOCK_SetMux
                0x70004220       0x9c ./board/clock_config.o
 .text.CLOCK_SetDiv
                0x700042bc       0x9c ./board/clock_config.o
 .text.CLOCK_ControlGate
                0x70004358       0x60 ./board/clock_config.o
 .text.CLOCK_SetXtalFreq
                0x700043b8       0x20 ./board/clock_config.o
 .text.CLOCK_SetRtcXtalFreq
                0x700043d8       0x20 ./board/clock_config.o
 .text.IOMUXC_MQSConfig
                0x700043f8       0x44 ./board/clock_config.o
 .text.BOARD_BootClockRUN
                0x7000443c      0x6d0 ./board/clock_config.o
                0x7000443c                BOARD_BootClockRUN
 .text.CLOCK_ControlGate
                0x70004b0c       0x60 ./board/pin_mux.o
 .text.BOARD_InitPins
                0x70004b6c      0x1f0 ./board/pin_mux.o
                0x70004b6c                BOARD_InitPins
 .text._initio  0x70004d5c       0x78 c:/nxp/mcuxpressoide_11.8.0_1165/ide/plugins/com.nxp.mcuxpresso.tools.win32_11.8.0.202306131047/tools/bin/../lib/gcc/arm-none-eabi/12.2.1/../../../../arm-none-eabi/lib/thumb/v7e-m+dp/hard\libcr_c.a(initio.o)
                0x70004d5c                _initio
 .text._Cwritebuf
                0x70004dd4       0x6c c:/nxp/mcuxpressoide_11.8.0_1165/ide/plugins/com.nxp.mcuxpresso.tools.win32_11.8.0.202306131047/tools/bin/../lib/gcc/arm-none-eabi/12.2.1/../../../../arm-none-eabi/lib/thumb/v7e-m+dp/hard\libcr_c.a(_writebuf.o)
                0x70004dd4                _Cwritebuf
 .text.fflush   0x70004e40       0x3c c:/nxp/mcuxpressoide_11.8.0_1165/ide/plugins/com.nxp.mcuxpresso.tools.win32_11.8.0.202306131047/tools/bin/../lib/gcc/arm-none-eabi/12.2.1/../../../../arm-none-eabi/lib/thumb/v7e-m+dp/hard\libcr_c.a(fflush.o)
                0x70004e40                fflush
 .text.fseek    0x70004e7c       0xf8 c:/nxp/mcuxpressoide_11.8.0_1165/ide/plugins/com.nxp.mcuxpresso.tools.win32_11.8.0.202306131047/tools/bin/../lib/gcc/arm-none-eabi/12.2.1/../../../../arm-none-eabi/lib/thumb/v7e-m+dp/hard\libcr_c.a(fseek.o)
                0x70004e7c                fseek
 .text.ftell    0x70004f74       0x44 c:/nxp/mcuxpressoide_11.8.0_1165/ide/plugins/com.nxp.mcuxpresso.tools.win32_11.8.0.202306131047/tools/bin/../lib/gcc/arm-none-eabi/12.2.1/../../../../arm-none-eabi/lib/thumb/v7e-m+dp/hard\libcr_c.a(ftell.o)
                0x70004f74                ftell
 .text.DbgConsole_Printf
                0x70004fb8       0x2c ./utilities/fsl_debug_console.o
                0x70004fb8                DbgConsole_Printf
 .text.DbgConsole_PrintfPaddingCharacter
                0x70004fe4       0x40 ./utilities/fsl_debug_console.o
 .text.DbgConsole_ConvertRadixNumToString
                0x70005024       0xc2 ./utilities/fsl_debug_console.o
 .text.DMA0_DMA16_IRQHandler
                0x700050e6        0x8 ./startup/startup_mimxrt1064.o
                0x700050e6                DMA0_DMA16_IRQHandler
 .text.DMA1_DMA17_IRQHandler
                0x700050ee        0x8 ./startup/startup_mimxrt1064.o
                0x700050ee                DMA1_DMA17_IRQHandler
 .text.DMA2_DMA18_IRQHandler
                0x700050f6        0x8 ./startup/startup_mimxrt1064.o
                0x700050f6                DMA2_DMA18_IRQHandler
 .text.DMA3_DMA19_IRQHandler
                0x700050fe        0x8 ./startup/startup_mimxrt1064.o
                0x700050fe                DMA3_DMA19_IRQHandler
 .text.DMA4_DMA20_IRQHandler
                0x70005106        0x8 ./startup/startup_mimxrt1064.o
                0x70005106                DMA4_DMA20_IRQHandler
 .text.DMA5_DMA21_IRQHandler
                0x7000510e        0x8 ./startup/startup_mimxrt1064.o
                0x7000510e                DMA5_DMA21_IRQHandler
 .text.DMA6_DMA22_IRQHandler
                0x70005116        0x8 ./startup/startup_mimxrt1064.o
                0x70005116                DMA6_DMA22_IRQHandler
 .text.DMA7_DMA23_IRQHandler
                0x7000511e        0x8 ./startup/startup_mimxrt1064.o
                0x7000511e                DMA7_DMA23_IRQHandler
 .text.DMA8_DMA24_IRQHandler
                0x70005126        0x8 ./startup/startup_mimxrt1064.o
                0x70005126                DMA8_DMA24_IRQHandler
 .text.DMA9_DMA25_IRQHandler
                0x7000512e        0x8 ./startup/startup_mimxrt1064.o
                0x7000512e                DMA9_DMA25_IRQHandler
 .text.DMA10_DMA26_IRQHandler
                0x70005136        0x8 ./startup/startup_mimxrt1064.o
                0x70005136                DMA10_DMA26_IRQHandler
 .text.DMA11_DMA27_IRQHandler
                0x7000513e        0x8 ./startup/startup_mimxrt1064.o
                0x7000513e                DMA11_DMA27_IRQHandler
 .text.DMA12_DMA28_IRQHandler
                0x70005146        0x8 ./startup/startup_mimxrt1064.o
                0x70005146                DMA12_DMA28_IRQHandler
 .text.DMA13_DMA29_IRQHandler
                0x7000514e        0x8 ./startup/startup_mimxrt1064.o
                0x7000514e                DMA13_DMA29_IRQHandler
 .text.DMA14_DMA30_IRQHandler
                0x70005156        0x8 ./startup/startup_mimxrt1064.o
                0x70005156                DMA14_DMA30_IRQHandler
 .text.DMA15_DMA31_IRQHandler
                0x7000515e        0x8 ./startup/startup_mimxrt1064.o
                0x7000515e                DMA15_DMA31_IRQHandler
 .text.DMA_ERROR_IRQHandler
                0x70005166        0x8 ./startup/startup_mimxrt1064.o
                0x70005166                DMA_ERROR_IRQHandler
 .text.CTI0_ERROR_IRQHandler
                0x7000516e        0x8 ./startup/startup_mimxrt1064.o
                0x7000516e                CTI0_ERROR_IRQHandler
 .text.CTI1_ERROR_IRQHandler
                0x70005176        0x8 ./startup/startup_mimxrt1064.o
                0x70005176                CTI1_ERROR_IRQHandler
 .text.CORE_IRQHandler
                0x7000517e        0x8 ./startup/startup_mimxrt1064.o
                0x7000517e                CORE_IRQHandler
 .text.LPUART1_IRQHandler
                0x70005186        0x8 ./startup/startup_mimxrt1064.o
                0x70005186                LPUART1_IRQHandler
 .text.LPUART2_IRQHandler
                0x7000518e        0x8 ./startup/startup_mimxrt1064.o
                0x7000518e                LPUART2_IRQHandler
 .text.LPUART3_IRQHandler
                0x70005196        0x8 ./startup/startup_mimxrt1064.o
                0x70005196                LPUART3_IRQHandler
 .text.LPUART4_IRQHandler
                0x7000519e        0x8 ./startup/startup_mimxrt1064.o
                0x7000519e                LPUART4_IRQHandler
 .text.LPUART5_IRQHandler
                0x700051a6        0x8 ./startup/startup_mimxrt1064.o
                0x700051a6                LPUART5_IRQHandler
 .text.LPUART6_IRQHandler
                0x700051ae        0x8 ./startup/startup_mimxrt1064.o
                0x700051ae                LPUART6_IRQHandler
 .text.LPUART7_IRQHandler
                0x700051b6        0x8 ./startup/startup_mimxrt1064.o
                0x700051b6                LPUART7_IRQHandler
 .text.LPUART8_IRQHandler
                0x700051be        0x8 ./startup/startup_mimxrt1064.o
                0x700051be                LPUART8_IRQHandler
 .text.LPI2C1_IRQHandler
                0x700051c6        0x8 ./startup/startup_mimxrt1064.o
                0x700051c6                LPI2C1_IRQHandler
 .text.LPI2C2_IRQHandler
                0x700051ce        0x8 ./startup/startup_mimxrt1064.o
                0x700051ce                LPI2C2_IRQHandler
 .text.LPI2C3_IRQHandler
                0x700051d6        0x8 ./startup/startup_mimxrt1064.o
                0x700051d6                LPI2C3_IRQHandler
 .text.LPI2C4_IRQHandler
                0x700051de        0x8 ./startup/startup_mimxrt1064.o
                0x700051de                LPI2C4_IRQHandler
 .text.LPSPI1_IRQHandler
                0x700051e6        0x8 ./startup/startup_mimxrt1064.o
                0x700051e6                LPSPI1_IRQHandler
 .text.LPSPI2_IRQHandler
                0x700051ee        0x8 ./startup/startup_mimxrt1064.o
                0x700051ee                LPSPI2_IRQHandler
 .text.LPSPI3_IRQHandler
                0x700051f6        0x8 ./startup/startup_mimxrt1064.o
                0x700051f6                LPSPI3_IRQHandler
 .text.LPSPI4_IRQHandler
                0x700051fe        0x8 ./startup/startup_mimxrt1064.o
                0x700051fe                LPSPI4_IRQHandler
 .text.CAN1_IRQHandler
                0x70005206        0x8 ./startup/startup_mimxrt1064.o
                0x70005206                CAN1_IRQHandler
 .text.CAN2_IRQHandler
                0x7000520e        0x8 ./startup/startup_mimxrt1064.o
                0x7000520e                CAN2_IRQHandler
 .text.FLEXRAM_IRQHandler
                0x70005216        0x8 ./startup/startup_mimxrt1064.o
                0x70005216                FLEXRAM_IRQHandler
 .text.KPP_IRQHandler
                0x7000521e        0x8 ./startup/startup_mimxrt1064.o
                0x7000521e                KPP_IRQHandler
 .text.TSC_DIG_IRQHandler
                0x70005226        0x8 ./startup/startup_mimxrt1064.o
                0x70005226                TSC_DIG_IRQHandler
 .text.GPR_IRQ_IRQHandler
                0x7000522e        0x8 ./startup/startup_mimxrt1064.o
                0x7000522e                GPR_IRQ_IRQHandler
 .text.LCDIF_IRQHandler
                0x70005236        0x8 ./startup/startup_mimxrt1064.o
                0x70005236                LCDIF_IRQHandler
 .text.CSI_IRQHandler
                0x7000523e        0x8 ./startup/startup_mimxrt1064.o
                0x7000523e                CSI_IRQHandler
 .text.PXP_IRQHandler
                0x70005246        0x8 ./startup/startup_mimxrt1064.o
                0x70005246                PXP_IRQHandler
 .text.WDOG2_IRQHandler
                0x7000524e        0x8 ./startup/startup_mimxrt1064.o
                0x7000524e                WDOG2_IRQHandler
 .text.SNVS_HP_WRAPPER_IRQHandler
                0x70005256        0x8 ./startup/startup_mimxrt1064.o
                0x70005256                SNVS_HP_WRAPPER_IRQHandler
 .text.SNVS_HP_WRAPPER_TZ_IRQHandler
                0x7000525e        0x8 ./startup/startup_mimxrt1064.o
                0x7000525e                SNVS_HP_WRAPPER_TZ_IRQHandler
 .text.SNVS_LP_WRAPPER_IRQHandler
                0x70005266        0x8 ./startup/startup_mimxrt1064.o
                0x70005266                SNVS_LP_WRAPPER_IRQHandler
 .text.CSU_IRQHandler
                0x7000526e        0x8 ./startup/startup_mimxrt1064.o
                0x7000526e                CSU_IRQHandler
 .text.DCP_IRQHandler
                0x70005276        0x8 ./startup/startup_mimxrt1064.o
                0x70005276                DCP_IRQHandler
 .text.DCP_VMI_IRQHandler
                0x7000527e        0x8 ./startup/startup_mimxrt1064.o
                0x7000527e                DCP_VMI_IRQHandler
 .text.Reserved68_IRQHandler
                0x70005286        0x8 ./startup/startup_mimxrt1064.o
                0x70005286                Reserved68_IRQHandler
 .text.TRNG_IRQHandler
                0x7000528e        0x8 ./startup/startup_mimxrt1064.o
                0x7000528e                TRNG_IRQHandler
 .text.SJC_IRQHandler
                0x70005296        0x8 ./startup/startup_mimxrt1064.o
                0x70005296                SJC_IRQHandler
 .text.BEE_IRQHandler
                0x7000529e        0x8 ./startup/startup_mimxrt1064.o
                0x7000529e                BEE_IRQHandler
 .text.SAI1_IRQHandler
                0x700052a6        0x8 ./startup/startup_mimxrt1064.o
                0x700052a6                SAI1_IRQHandler
 .text.SAI2_IRQHandler
                0x700052ae        0x8 ./startup/startup_mimxrt1064.o
                0x700052ae                SAI2_IRQHandler
 .text.SAI3_RX_IRQHandler
                0x700052b6        0x8 ./startup/startup_mimxrt1064.o
                0x700052b6                SAI3_RX_IRQHandler
 .text.SAI3_TX_IRQHandler
                0x700052be        0x8 ./startup/startup_mimxrt1064.o
                0x700052be                SAI3_TX_IRQHandler
 .text.SPDIF_IRQHandler
                0x700052c6        0x8 ./startup/startup_mimxrt1064.o
                0x700052c6                SPDIF_IRQHandler
 .text.PMU_EVENT_IRQHandler
                0x700052ce        0x8 ./startup/startup_mimxrt1064.o
                0x700052ce                PMU_EVENT_IRQHandler
 .text.Reserved78_IRQHandler
                0x700052d6        0x8 ./startup/startup_mimxrt1064.o
                0x700052d6                Reserved78_IRQHandler
 .text.TEMP_LOW_HIGH_IRQHandler
                0x700052de        0x8 ./startup/startup_mimxrt1064.o
                0x700052de                TEMP_LOW_HIGH_IRQHandler
 .text.TEMP_PANIC_IRQHandler
                0x700052e6        0x8 ./startup/startup_mimxrt1064.o
                0x700052e6                TEMP_PANIC_IRQHandler
 .text.USB_PHY1_IRQHandler
                0x700052ee        0x8 ./startup/startup_mimxrt1064.o
                0x700052ee                USB_PHY1_IRQHandler
 .text.USB_PHY2_IRQHandler
                0x700052f6        0x8 ./startup/startup_mimxrt1064.o
                0x700052f6                USB_PHY2_IRQHandler
 .text.ADC1_IRQHandler
                0x700052fe        0x8 ./startup/startup_mimxrt1064.o
                0x700052fe                ADC1_IRQHandler
 .text.ADC2_IRQHandler
                0x70005306        0x8 ./startup/startup_mimxrt1064.o
                0x70005306                ADC2_IRQHandler
 .text.DCDC_IRQHandler
                0x7000530e        0x8 ./startup/startup_mimxrt1064.o
                0x7000530e                DCDC_IRQHandler
 .text.Reserved86_IRQHandler
                0x70005316        0x8 ./startup/startup_mimxrt1064.o
                0x70005316                Reserved86_IRQHandler
 .text.GPIO10_IRQHandler
                0x7000531e        0x8 ./startup/startup_mimxrt1064.o
                0x7000531e                GPIO10_IRQHandler
 .text.GPIO1_INT0_IRQHandler
                0x70005326        0x8 ./startup/startup_mimxrt1064.o
                0x70005326                GPIO1_INT0_IRQHandler
 .text.GPIO1_INT1_IRQHandler
                0x7000532e        0x8 ./startup/startup_mimxrt1064.o
                0x7000532e                GPIO1_INT1_IRQHandler
 .text.GPIO1_INT2_IRQHandler
                0x70005336        0x8 ./startup/startup_mimxrt1064.o
                0x70005336                GPIO1_INT2_IRQHandler
 .text.GPIO1_INT3_IRQHandler
                0x7000533e        0x8 ./startup/startup_mimxrt1064.o
                0x7000533e                GPIO1_INT3_IRQHandler
 .text.GPIO1_INT4_IRQHandler
                0x70005346        0x8 ./startup/startup_mimxrt1064.o
                0x70005346                GPIO1_INT4_IRQHandler
 .text.GPIO1_INT5_IRQHandler
                0x7000534e        0x8 ./startup/startup_mimxrt1064.o
                0x7000534e                GPIO1_INT5_IRQHandler
 .text.GPIO1_INT6_IRQHandler
                0x70005356        0x8 ./startup/startup_mimxrt1064.o
                0x70005356                GPIO1_INT6_IRQHandler
 .text.GPIO1_INT7_IRQHandler
                0x7000535e        0x8 ./startup/startup_mimxrt1064.o
                0x7000535e                GPIO1_INT7_IRQHandler
 .text.GPIO1_Combined_0_15_IRQHandler
                0x70005366        0x8 ./startup/startup_mimxrt1064.o
                0x70005366                GPIO1_Combined_0_15_IRQHandler
 .text.GPIO1_Combined_16_31_IRQHandler
                0x7000536e        0x8 ./startup/startup_mimxrt1064.o
                0x7000536e                GPIO1_Combined_16_31_IRQHandler
 .text.GPIO2_Combined_0_15_IRQHandler
                0x70005376        0x8 ./startup/startup_mimxrt1064.o
                0x70005376                GPIO2_Combined_0_15_IRQHandler
 .text.GPIO2_Combined_16_31_IRQHandler
                0x7000537e        0x8 ./startup/startup_mimxrt1064.o
                0x7000537e                GPIO2_Combined_16_31_IRQHandler
 .text.GPIO3_Combined_0_15_IRQHandler
                0x70005386        0x8 ./startup/startup_mimxrt1064.o
                0x70005386                GPIO3_Combined_0_15_IRQHandler
 .text.GPIO3_Combined_16_31_IRQHandler
                0x7000538e        0x8 ./startup/startup_mimxrt1064.o
                0x7000538e                GPIO3_Combined_16_31_IRQHandler
 .text.GPIO4_Combined_0_15_IRQHandler
                0x70005396        0x8 ./startup/startup_mimxrt1064.o
                0x70005396                GPIO4_Combined_0_15_IRQHandler
 .text.GPIO4_Combined_16_31_IRQHandler
                0x7000539e        0x8 ./startup/startup_mimxrt1064.o
                0x7000539e                GPIO4_Combined_16_31_IRQHandler
 .text.GPIO5_Combined_0_15_IRQHandler
                0x700053a6        0x8 ./startup/startup_mimxrt1064.o
                0x700053a6                GPIO5_Combined_0_15_IRQHandler
 .text.GPIO5_Combined_16_31_IRQHandler
                0x700053ae        0x8 ./startup/startup_mimxrt1064.o
                0x700053ae                GPIO5_Combined_16_31_IRQHandler
 .text.FLEXIO1_IRQHandler
                0x700053b6        0x8 ./startup/startup_mimxrt1064.o
                0x700053b6                FLEXIO1_IRQHandler
 .text.FLEXIO2_IRQHandler
                0x700053be        0x8 ./startup/startup_mimxrt1064.o
                0x700053be                FLEXIO2_IRQHandler
 .text.WDOG1_IRQHandler
                0x700053c6        0x8 ./startup/startup_mimxrt1064.o
                0x700053c6                WDOG1_IRQHandler
 .text.RTWDOG_IRQHandler
                0x700053ce        0x8 ./startup/startup_mimxrt1064.o
                0x700053ce                RTWDOG_IRQHandler
 .text.EWM_IRQHandler
                0x700053d6        0x8 ./startup/startup_mimxrt1064.o
                0x700053d6                EWM_IRQHandler
 .text.CCM_1_IRQHandler
                0x700053de        0x8 ./startup/startup_mimxrt1064.o
                0x700053de                CCM_1_IRQHandler
 .text.CCM_2_IRQHandler
                0x700053e6        0x8 ./startup/startup_mimxrt1064.o
                0x700053e6                CCM_2_IRQHandler
 .text.GPC_IRQHandler
                0x700053ee        0x8 ./startup/startup_mimxrt1064.o
                0x700053ee                GPC_IRQHandler
 .text.SRC_IRQHandler
                0x700053f6        0x8 ./startup/startup_mimxrt1064.o
                0x700053f6                SRC_IRQHandler
 .text.Reserved115_IRQHandler
                0x700053fe        0x8 ./startup/startup_mimxrt1064.o
                0x700053fe                Reserved115_IRQHandler
 .text.GPT1_IRQHandler
                0x70005406        0x8 ./startup/startup_mimxrt1064.o
                0x70005406                GPT1_IRQHandler
 .text.GPT2_IRQHandler
                0x7000540e        0x8 ./startup/startup_mimxrt1064.o
                0x7000540e                GPT2_IRQHandler
 .text.PWM1_0_IRQHandler
                0x70005416        0x8 ./startup/startup_mimxrt1064.o
                0x70005416                PWM1_0_IRQHandler
 .text.PWM1_1_IRQHandler
                0x7000541e        0x8 ./startup/startup_mimxrt1064.o
                0x7000541e                PWM1_1_IRQHandler
 .text.PWM1_2_IRQHandler
                0x70005426        0x8 ./startup/startup_mimxrt1064.o
                0x70005426                PWM1_2_IRQHandler
 .text.PWM1_3_IRQHandler
                0x7000542e        0x8 ./startup/startup_mimxrt1064.o
                0x7000542e                PWM1_3_IRQHandler
 .text.PWM1_FAULT_IRQHandler
                0x70005436        0x8 ./startup/startup_mimxrt1064.o
                0x70005436                PWM1_FAULT_IRQHandler
 .text.FLEXSPI2_IRQHandler
                0x7000543e        0x8 ./startup/startup_mimxrt1064.o
                0x7000543e                FLEXSPI2_IRQHandler
 .text.FLEXSPI_IRQHandler
                0x70005446        0x8 ./startup/startup_mimxrt1064.o
                0x70005446                FLEXSPI_IRQHandler
 .text.SEMC_IRQHandler
                0x7000544e        0x8 ./startup/startup_mimxrt1064.o
                0x7000544e                SEMC_IRQHandler
 .text.USDHC1_IRQHandler
                0x70005456        0x8 ./startup/startup_mimxrt1064.o
                0x70005456                USDHC1_IRQHandler
 .text.USDHC2_IRQHandler
                0x7000545e        0x8 ./startup/startup_mimxrt1064.o
                0x7000545e                USDHC2_IRQHandler
 .text.USB_OTG2_IRQHandler
                0x70005466        0x8 ./startup/startup_mimxrt1064.o
                0x70005466                USB_OTG2_IRQHandler
 .text.USB_OTG1_IRQHandler
                0x7000546e        0x8 ./startup/startup_mimxrt1064.o
                0x7000546e                USB_OTG1_IRQHandler
 .text.ENET_IRQHandler
                0x70005476        0x8 ./startup/startup_mimxrt1064.o
                0x70005476                ENET_IRQHandler
 .text.ENET_1588_Timer_IRQHandler
                0x7000547e        0x8 ./startup/startup_mimxrt1064.o
                0x7000547e                ENET_1588_Timer_IRQHandler
 .text.XBAR1_IRQ_0_1_IRQHandler
                0x70005486        0x8 ./startup/startup_mimxrt1064.o
                0x70005486                XBAR1_IRQ_0_1_IRQHandler
 .text.XBAR1_IRQ_2_3_IRQHandler
                0x7000548e        0x8 ./startup/startup_mimxrt1064.o
                0x7000548e                XBAR1_IRQ_2_3_IRQHandler
 .text.ADC_ETC_IRQ0_IRQHandler
                0x70005496        0x8 ./startup/startup_mimxrt1064.o
                0x70005496                ADC_ETC_IRQ0_IRQHandler
 .text.ADC_ETC_IRQ1_IRQHandler
                0x7000549e        0x8 ./startup/startup_mimxrt1064.o
                0x7000549e                ADC_ETC_IRQ1_IRQHandler
 .text.ADC_ETC_IRQ2_IRQHandler
                0x700054a6        0x8 ./startup/startup_mimxrt1064.o
                0x700054a6                ADC_ETC_IRQ2_IRQHandler
 .text.ADC_ETC_ERROR_IRQ_IRQHandler
                0x700054ae        0x8 ./startup/startup_mimxrt1064.o
                0x700054ae                ADC_ETC_ERROR_IRQ_IRQHandler
 .text.PIT_IRQHandler
                0x700054b6        0x8 ./startup/startup_mimxrt1064.o
                0x700054b6                PIT_IRQHandler
 .text.ACMP1_IRQHandler
                0x700054be        0x8 ./startup/startup_mimxrt1064.o
                0x700054be                ACMP1_IRQHandler
 .text.ACMP2_IRQHandler
                0x700054c6        0x8 ./startup/startup_mimxrt1064.o
                0x700054c6                ACMP2_IRQHandler
 .text.ACMP3_IRQHandler
                0x700054ce        0x8 ./startup/startup_mimxrt1064.o
                0x700054ce                ACMP3_IRQHandler
 .text.ACMP4_IRQHandler
                0x700054d6        0x8 ./startup/startup_mimxrt1064.o
                0x700054d6                ACMP4_IRQHandler
 .text.Reserved143_IRQHandler
                0x700054de        0x8 ./startup/startup_mimxrt1064.o
                0x700054de                Reserved143_IRQHandler
 .text.Reserved144_IRQHandler
                0x700054e6        0x8 ./startup/startup_mimxrt1064.o
                0x700054e6                Reserved144_IRQHandler
 .text.ENC1_IRQHandler
                0x700054ee        0x8 ./startup/startup_mimxrt1064.o
                0x700054ee                ENC1_IRQHandler
 .text.ENC2_IRQHandler
                0x700054f6        0x8 ./startup/startup_mimxrt1064.o
                0x700054f6                ENC2_IRQHandler
 .text.ENC3_IRQHandler
                0x700054fe        0x8 ./startup/startup_mimxrt1064.o
                0x700054fe                ENC3_IRQHandler
 .text.ENC4_IRQHandler
                0x70005506        0x8 ./startup/startup_mimxrt1064.o
                0x70005506                ENC4_IRQHandler
 .text.TMR1_IRQHandler
                0x7000550e        0x8 ./startup/startup_mimxrt1064.o
                0x7000550e                TMR1_IRQHandler
 .text.TMR2_IRQHandler
                0x70005516        0x8 ./startup/startup_mimxrt1064.o
                0x70005516                TMR2_IRQHandler
 .text.TMR3_IRQHandler
                0x7000551e        0x8 ./startup/startup_mimxrt1064.o
                0x7000551e                TMR3_IRQHandler
 .text.TMR4_IRQHandler
                0x70005526        0x8 ./startup/startup_mimxrt1064.o
                0x70005526                TMR4_IRQHandler
 .text.PWM2_0_IRQHandler
                0x7000552e        0x8 ./startup/startup_mimxrt1064.o
                0x7000552e                PWM2_0_IRQHandler
 .text.PWM2_1_IRQHandler
                0x70005536        0x8 ./startup/startup_mimxrt1064.o
                0x70005536                PWM2_1_IRQHandler
 .text.PWM2_2_IRQHandler
                0x7000553e        0x8 ./startup/startup_mimxrt1064.o
                0x7000553e                PWM2_2_IRQHandler
 .text.PWM2_3_IRQHandler
                0x70005546        0x8 ./startup/startup_mimxrt1064.o
                0x70005546                PWM2_3_IRQHandler
 .text.PWM2_FAULT_IRQHandler
                0x7000554e        0x8 ./startup/startup_mimxrt1064.o
                0x7000554e                PWM2_FAULT_IRQHandler
 .text.PWM3_0_IRQHandler
                0x70005556        0x8 ./startup/startup_mimxrt1064.o
                0x70005556                PWM3_0_IRQHandler
 .text.PWM3_1_IRQHandler
                0x7000555e        0x8 ./startup/startup_mimxrt1064.o
                0x7000555e                PWM3_1_IRQHandler
 .text.PWM3_2_IRQHandler
                0x70005566        0x8 ./startup/startup_mimxrt1064.o
                0x70005566                PWM3_2_IRQHandler
 .text.PWM3_3_IRQHandler
                0x7000556e        0x8 ./startup/startup_mimxrt1064.o
                0x7000556e                PWM3_3_IRQHandler
 .text.PWM3_FAULT_IRQHandler
                0x70005576        0x8 ./startup/startup_mimxrt1064.o
                0x70005576                PWM3_FAULT_IRQHandler
 .text.PWM4_0_IRQHandler
                0x7000557e        0x8 ./startup/startup_mimxrt1064.o
                0x7000557e                PWM4_0_IRQHandler
 .text.PWM4_1_IRQHandler
                0x70005586        0x8 ./startup/startup_mimxrt1064.o
                0x70005586                PWM4_1_IRQHandler
 .text.PWM4_2_IRQHandler
                0x7000558e        0x8 ./startup/startup_mimxrt1064.o
                0x7000558e                PWM4_2_IRQHandler
 .text.PWM4_3_IRQHandler
                0x70005596        0x8 ./startup/startup_mimxrt1064.o
                0x70005596                PWM4_3_IRQHandler
 .text.PWM4_FAULT_IRQHandler
                0x7000559e        0x8 ./startup/startup_mimxrt1064.o
                0x7000559e                PWM4_FAULT_IRQHandler
 .text.ENET2_IRQHandler
                0x700055a6        0x8 ./startup/startup_mimxrt1064.o
                0x700055a6                ENET2_IRQHandler
 .text.ENET2_1588_Timer_IRQHandler
                0x700055ae        0x8 ./startup/startup_mimxrt1064.o
                0x700055ae                ENET2_1588_Timer_IRQHandler
 .text.CAN3_IRQHandler
                0x700055b6        0x8 ./startup/startup_mimxrt1064.o
                0x700055b6                CAN3_IRQHandler
 .text.Reserved171_IRQHandler
                0x700055be        0x8 ./startup/startup_mimxrt1064.o
                0x700055be                Reserved171_IRQHandler
 .text.FLEXIO3_IRQHandler
                0x700055c6        0x8 ./startup/startup_mimxrt1064.o
                0x700055c6                FLEXIO3_IRQHandler
 .text.GPIO6_7_8_9_IRQHandler
                0x700055ce        0x8 ./startup/startup_mimxrt1064.o
                0x700055ce                GPIO6_7_8_9_IRQHandler
 .text.HardFault_Handler
                0x700055d6       0x36 ./source/semihost_hardfault.o
                0x700055d6                HardFault_Handler
 .text.DCACHE_InvalidateByRange
                0x7000560c       0x1a ./drivers/fsl_cache.o
                0x7000560c                DCACHE_InvalidateByRange
 .text.CLOCK_IsPllBypassed
                0x70005626       0x32 ./drivers/fsl_clock.o
 .text.CLOCK_IsPllEnabled
                0x70005658       0x3c ./drivers/fsl_clock.o
 .text.CLOCK_GetPllBypassRefClk
                0x70005694       0x34 ./drivers/fsl_clock.o
 .text._SDK_AtomicLocalClearAndSet4Byte
                0x700056c8       0x50 ./drivers/fsl_lpuart.o
 .text.CLOCK_EnableClock
                0x70005718       0x1e ./drivers/fsl_lpuart.o
 .text.LPUART_SoftwareReset
                0x70005736       0x2c ./drivers/fsl_lpuart.o
 .text.SystemInitHook
                0x70005762        0xe ./device/system_MIMXRT1064.o
                0x70005762                SystemInitHook
 .text.HAL_UartGetStatus
                0x70005770       0x28 ./component/uart/fsl_adapter_lpuart.o
 .text.BOARD_InitDebugConsole
                0x70005798       0x22 ./board/board.o
                0x70005798                BOARD_InitDebugConsole
 .text._SDK_AtomicLocalClearAndSet4Byte
                0x700057ba       0x50 ./board/clock_config.o
 .text.CLOCK_DisableClock
                0x7000580a       0x1e ./board/clock_config.o
 .text.CLOCK_SetPllBypass
                0x70005828       0x4e ./board/clock_config.o
 .text.IOMUXC_SetSaiMClkClockSource
                0x70005876       0x6c ./board/clock_config.o
 .text.BOARD_InitBootClocks
                0x700058e2        0xc ./board/clock_config.o
                0x700058e2                BOARD_InitBootClocks
 .text._SDK_AtomicLocalClearAndSet4Byte
                0x700058ee       0x50 ./board/pin_mux.o
 .text.CLOCK_EnableClock
                0x7000593e       0x1e ./board/pin_mux.o
 .text.IOMUXC_SetPinMux
                0x7000595c       0x3a ./board/pin_mux.o
 .text.IOMUXC_SetPinConfig
                0x70005996       0x26 ./board/pin_mux.o
 .text.BOARD_InitBootPins
                0x700059bc        0xc ./board/pin_mux.o
                0x700059bc                BOARD_InitBootPins
 .text.__main   0x700059c8        0xe c:/nxp/mcuxpressoide_11.8.0_1165/ide/plugins/com.nxp.mcuxpresso.tools.win32_11.8.0.202306131047/tools/bin/../lib/gcc/arm-none-eabi/12.2.1/../../../../arm-none-eabi/lib/thumb/v7e-m+dp/hard\libcr_nohost_nf.a(_cr__main.o)
                0x700059c8                __main
 .text.memset   0x700059d6        0x4 c:/nxp/mcuxpressoide_11.8.0_1165/ide/plugins/com.nxp.mcuxpresso.tools.win32_11.8.0.202306131047/tools/bin/../lib/gcc/arm-none-eabi/12.2.1/../../../../arm-none-eabi/lib/thumb/v7e-m+dp/hard\libcr_c.a(memset.o)
                0x700059d6                memset
 .text.free     0x700059da       0x30 c:/nxp/mcuxpressoide_11.8.0_1165/ide/plugins/com.nxp.mcuxpresso.tools.win32_11.8.0.202306131047/tools/bin/../lib/gcc/arm-none-eabi/12.2.1/../../../../arm-none-eabi/lib/thumb/v7e-m+dp/hard\libcr_c.a(alloc.o)
                0x700059da                free
 .text.memcmp   0x70005a0a       0x40 c:/nxp/mcuxpressoide_11.8.0_1165/ide/plugins/com.nxp.mcuxpresso.tools.win32_11.8.0.202306131047/tools/bin/../lib/gcc/arm-none-eabi/12.2.1/../../../../arm-none-eabi/lib/thumb/v7e-m+dp/hard\libcr_c.a(memcmp.o)
                0x70005a0a                memcmp
 .text.setvbuf  0x70005a4a       0x3e c:/nxp/mcuxpressoide_11.8.0_1165/ide/plugins/com.nxp.mcuxpresso.tools.win32_11.8.0.202306131047/tools/bin/../lib/gcc/arm-none-eabi/12.2.1/../../../../arm-none-eabi/lib/thumb/v7e-m+dp/hard\libcr_c.a(setvbuf.o)
                0x70005a4a                setvbuf
 .text.strlen   0x70005a88       0x4e c:/nxp/mcuxpressoide_11.8.0_1165/ide/plugins/com.nxp.mcuxpresso.tools.win32_11.8.0.202306131047/tools/bin/../lib/gcc/arm-none-eabi/12.2.1/../../../../arm-none-eabi/lib/thumb/v7e-m+dp/hard\libcr_c.a(strlen.o)
                0x70005a88                strlen
 .text._deferredlazyseek
                0x70005ad6       0x40 c:/nxp/mcuxpressoide_11.8.0_1165/ide/plugins/com.nxp.mcuxpresso.tools.win32_11.8.0.202306131047/tools/bin/../lib/gcc/arm-none-eabi/12.2.1/../../../../arm-none-eabi/lib/thumb/v7e-m+dp/hard\libcr_c.a(_deferredlazyseek.o)
                0x70005ad6                _deferredlazyseek
 .text._fdopen  0x70005b16       0x68 c:/nxp/mcuxpressoide_11.8.0_1165/ide/plugins/com.nxp.mcuxpresso.tools.win32_11.8.0.202306131047/tools/bin/../lib/gcc/arm-none-eabi/12.2.1/../../../../arm-none-eabi/lib/thumb/v7e-m+dp/hard\libcr_c.a(_fdopen.o)
                0x70005b16                _fdopen
 .text._fflush  0x70005b7e       0x52 c:/nxp/mcuxpressoide_11.8.0_1165/ide/plugins/com.nxp.mcuxpresso.tools.win32_11.8.0.202306131047/tools/bin/../lib/gcc/arm-none-eabi/12.2.1/../../../../arm-none-eabi/lib/thumb/v7e-m+dp/hard\libcr_c.a(_fflush.o)
                0x70005b7e                _fflush
 .text.fclose   0x70005bd0       0x58 c:/nxp/mcuxpressoide_11.8.0_1165/ide/plugins/com.nxp.mcuxpresso.tools.win32_11.8.0.202306131047/tools/bin/../lib/gcc/arm-none-eabi/12.2.1/../../../../arm-none-eabi/lib/thumb/v7e-m+dp/hard\libcr_c.a(fclose.o)
                0x70005bd0                fclose
 .text.remove   0x70005c28       0x14 c:/nxp/mcuxpressoide_11.8.0_1165/ide/plugins/com.nxp.mcuxpresso.tools.win32_11.8.0.202306131047/tools/bin/../lib/gcc/arm-none-eabi/12.2.1/../../../../arm-none-eabi/lib/thumb/v7e-m+dp/hard\libcr_c.a(remove.o)
                0x70005c28                remove
 .text._do_fflush
                0x70005c3c       0x40 c:/nxp/mcuxpressoide_11.8.0_1165/ide/plugins/com.nxp.mcuxpresso.tools.win32_11.8.0.202306131047/tools/bin/../lib/gcc/arm-none-eabi/12.2.1/../../../../arm-none-eabi/lib/thumb/v7e-m+dp/hard\libcr_c.a(_do_fflush.o)
                0x70005c3c                _do_fflush
 .text.__aeabi_memset_lowlevel
                0x70005c7c       0x32 c:/nxp/mcuxpressoide_11.8.0_1165/ide/plugins/com.nxp.mcuxpresso.tools.win32_11.8.0.202306131047/tools/bin/../lib/gcc/arm-none-eabi/12.2.1/thumb/v7e-m+dp/hard\libcr_eabihelpers.a(memcpy.o)
                0x70005c7c                __aeabi_lowlevel_memset
 .text.__sys_close
                0x70005cae        0x6 c:/nxp/mcuxpressoide_11.8.0_1165/ide/plugins/com.nxp.mcuxpresso.tools.win32_11.8.0.202306131047/tools/bin/../lib/gcc/arm-none-eabi/12.2.1/../../../../arm-none-eabi/lib/thumb/v7e-m+dp/hard\libcr_nohost_nf.a(__sys_close.o)
                0x70005cae                __sys_close
 .text.__sys_flen
                0x70005cb4        0x6 c:/nxp/mcuxpressoide_11.8.0_1165/ide/plugins/com.nxp.mcuxpresso.tools.win32_11.8.0.202306131047/tools/bin/../lib/gcc/arm-none-eabi/12.2.1/../../../../arm-none-eabi/lib/thumb/v7e-m+dp/hard\libcr_nohost_nf.a(__sys_flen.o)
                0x70005cb4                __sys_flen
 .text.__sys_istty
                0x70005cba        0x6 c:/nxp/mcuxpressoide_11.8.0_1165/ide/plugins/com.nxp.mcuxpresso.tools.win32_11.8.0.202306131047/tools/bin/../lib/gcc/arm-none-eabi/12.2.1/../../../../arm-none-eabi/lib/thumb/v7e-m+dp/hard\libcr_nohost_nf.a(__sys_istty.o)
                0x70005cba                __sys_istty
 .text.__sys_remove
                0x70005cc0        0x6 c:/nxp/mcuxpressoide_11.8.0_1165/ide/plugins/com.nxp.mcuxpresso.tools.win32_11.8.0.202306131047/tools/bin/../lib/gcc/arm-none-eabi/12.2.1/../../../../arm-none-eabi/lib/thumb/v7e-m+dp/hard\libcr_nohost_nf.a(__sys_remove.o)
                0x70005cc0                __sys_remove
 .text.__sys_seek
                0x70005cc6        0x6 c:/nxp/mcuxpressoide_11.8.0_1165/ide/plugins/com.nxp.mcuxpresso.tools.win32_11.8.0.202306131047/tools/bin/../lib/gcc/arm-none-eabi/12.2.1/../../../../arm-none-eabi/lib/thumb/v7e-m+dp/hard\libcr_nohost_nf.a(__sys_seek.o)
                0x70005cc6                __sys_seek
 .text.__sys_tmpnam
                0x70005ccc        0x6 c:/nxp/mcuxpressoide_11.8.0_1165/ide/plugins/com.nxp.mcuxpresso.tools.win32_11.8.0.202306131047/tools/bin/../lib/gcc/arm-none-eabi/12.2.1/../../../../arm-none-eabi/lib/thumb/v7e-m+dp/hard\libcr_nohost_nf.a(__sys_tmpnam.o)
                0x70005ccc                __sys_tmpnam
 .text.__sys_write
                0x70005cd2        0x4 c:/nxp/mcuxpressoide_11.8.0_1165/ide/plugins/com.nxp.mcuxpresso.tools.win32_11.8.0.202306131047/tools/bin/../lib/gcc/arm-none-eabi/12.2.1/../../../../arm-none-eabi/lib/thumb/v7e-m+dp/hard\libcr_nohost_nf.a(__sys_write.o)
                0x70005cd2                __sys_write
 *fill*         0x70005cd6        0x2 ff
 .text.__sys_write.__stub
                0x70005cd8       0x38 linker stubs
 *(SORT_BY_ALIGNMENT(.rodata) SORT_BY_ALIGNMENT(.rodata.*) SORT_BY_ALIGNMENT(.constdata) SORT_BY_ALIGNMENT(.constdata.*))
 *fill*         0x70005d10        0x0 ff
 .rodata.__assertion_failed.str1.4
                0x70005d10       0x14 ./utilities/fsl_assert.o
 .rodata.CLOCK_SetMux.str1.4
                0x70005d24       0xa4 ./source/flexspi_nor_flash_ops.o
 .rodata.CLOCK_SetDiv.str1.4
                0x70005dc8       0xa4 ./source/flexspi_nor_flash_ops.o
 .rodata.customLUT
                0x70005e6c       0xf0 ./source/flexspi_nor_polling_transfer.o
                0x70005e6c                customLUT
 .rodata.main.str1.4
                0x70005f5c      0x13c ./source/flexspi_nor_polling_transfer.o
 .rodata.CLOCK_InitExternalClk.str1.4
                0x70006098       0x21 ./drivers/fsl_clock.o
 *fill*         0x700060b9        0x3 ff
 .rodata.CLOCK_GetPllFreq.str1.4
                0x700060bc       0x6d ./drivers/fsl_clock.o
 *fill*         0x70006129        0x3 ff
 .rodata.enetRefClkFreq.1
                0x7000612c       0x10 ./drivers/fsl_clock.o
 .rodata.CLOCK_ControlGate.str1.4
                0x7000613c       0x20 ./drivers/fsl_flexspi.o
 .rodata.s_flexspiBases
                0x7000615c        0xc ./drivers/fsl_flexspi.o
 .rodata.s_flexspiClock
                0x70006168        0x6 ./drivers/fsl_flexspi.o
 *fill*         0x7000616e        0x2 ff
 .rodata.FLEXSPI_Memset.str1.4
                0x70006170       0x20 ./drivers/fsl_flexspi.o
 .rodata.FLEXSPI_GetInstance.str1.4
                0x70006190       0x3a ./drivers/fsl_flexspi.o
 *fill*         0x700061ca        0x2 ff
 .rodata.FLEXSPI_CalculateDll.str1.4
                0x700061cc       0x1a ./drivers/fsl_flexspi.o
 *fill*         0x700061e6        0x2 ff
 .rodata.FLEXSPI_CheckAndClearError.str1.4
                0x700061e8       0x1a ./drivers/fsl_flexspi.o
 *fill*         0x70006202        0x2 ff
 .rodata.FLEXSPI_UpdateLUT.str1.4
                0x70006204       0x20 ./drivers/fsl_flexspi.o
 .rodata.CLOCK_ControlGate.str1.4
                0x70006224       0x20 ./drivers/fsl_lpuart.o
 .rodata.s_lpuartBases
                0x70006224       0x24 ./drivers/fsl_lpuart.o
 .rodata.s_lpuartClock
                0x70006248       0x12 ./drivers/fsl_lpuart.o
 *fill*         0x7000625a        0x2 ff
 .rodata.LPUART_GetInstance.str1.4
                0x7000625c       0x38 ./drivers/fsl_lpuart.o
 .rodata.LPUART_Init.str1.4
                0x70006294      0x10a ./drivers/fsl_lpuart.o
 *fill*         0x7000639e        0x2 ff
 .rodata.LPUART_GetDefaultConfig.str1.4
                0x700063a0       0x22 ./drivers/fsl_lpuart.o
 *fill*         0x700063c2        0x2 ff
 .rodata.LPUART_WriteBlocking.str1.4
                0x700063c4       0x21 ./drivers/fsl_lpuart.o
 *fill*         0x700063e5        0x3 ff
 .rodata.LPUART_ReadBlocking.str1.4
                0x700063e8       0x21 ./drivers/fsl_lpuart.o
 *fill*         0x70006409        0x3 ff
 .rodata.s_LpuartAdapterBase
                0x7000640c       0x24 ./component/uart/fsl_adapter_lpuart.o
 .rodata.HAL_UartInit.str1.4
                0x70006430      0x116 ./component/uart/fsl_adapter_lpuart.o
 *fill*         0x70006546        0x2 ff
 .rodata.HAL_UartReceiveBlocking.str1.4
                0x70006548       0x7b ./component/uart/fsl_adapter_lpuart.o
 *fill*         0x700065c3        0x1 ff
 .rodata.HAL_UartSendBlocking.str1.4
                0x700065c4       0x7b ./component/uart/fsl_adapter_lpuart.o
 *fill*         0x7000663f        0x1 ff
 .rodata.BOARD_ConfigMPU.str1.4
                0x70006640       0x69 ./board/board.o
 .rodata.CLOCK_SetMux.str1.4
                0x700066a9       0xa4 ./board/clock_config.o
 .rodata.CLOCK_SetDiv.str1.4
                0x700066a9       0xa4 ./board/clock_config.o
 *fill*         0x700066a9        0x3 ff
 .rodata.CLOCK_ControlGate.str1.4
                0x700066ac       0x93 ./board/clock_config.o
 *fill*         0x7000673f        0x1 ff
 .rodata.armPllConfig_BOARD_BootClockRUN
                0x70006740        0x8 ./board/clock_config.o
                0x70006740                armPllConfig_BOARD_BootClockRUN
 .rodata.sysPllConfig_BOARD_BootClockRUN
                0x70006748       0x14 ./board/clock_config.o
                0x70006748                sysPllConfig_BOARD_BootClockRUN
 .rodata.CLOCK_ControlGate.str1.4
                0x7000675c       0x93 ./board/pin_mux.o
 .rodata.__num_Ciob_streams
                0x7000675c        0x4 c:/nxp/mcuxpressoide_11.8.0_1165/ide/plugins/com.nxp.mcuxpresso.tools.win32_11.8.0.202306131047/tools/bin/../lib/gcc/arm-none-eabi/12.2.1/../../../../arm-none-eabi/lib/thumb/v7e-m+dp/hard\libcr_nohost_nf.a(__ciob.o)
                0x7000675c                __num_Ciob_streams
 .rodata._initio.str1.1
                0x70006760        0x4 c:/nxp/mcuxpressoide_11.8.0_1165/ide/plugins/com.nxp.mcuxpresso.tools.win32_11.8.0.202306131047/tools/bin/../lib/gcc/arm-none-eabi/12.2.1/../../../../arm-none-eabi/lib/thumb/v7e-m+dp/hard\libcr_c.a(initio.o)
                0x700067f0                . = ALIGN (0x4)

.glue_7         0x70006764        0x0
 .glue_7        0x70006764        0x0 linker stubs

.glue_7t        0x70006764        0x0
 .glue_7t       0x70006764        0x0 linker stubs

.vfp11_veneer   0x70006764        0x0
 .vfp11_veneer  0x70006764        0x0 linker stubs

.v4_bx          0x70006764        0x0
 .v4_bx         0x70006764        0x0 linker stubs

.iplt           0x70006764        0x0
 .iplt          0x70006764        0x0 ./xip/fsl_flexspi_nor_boot.o

.ARM.extab
 *(SORT_BY_ALIGNMENT(.ARM.extab*) SORT_BY_ALIGNMENT(.gnu.linkonce.armextab.*))

.ARM.exidx      0x70006764        0x0
                0x70006764                __exidx_start = .
 *(SORT_BY_ALIGNMENT(.ARM.exidx*) SORT_BY_ALIGNMENT(.gnu.linkonce.armexidx.*))
                0x70006764                __exidx_end = .
                0x70006764                _etext = .

.data_RAM2      0x00000000     0x14d8 load address 0x70006764
 FILL mask 0xff
                [!provide]                PROVIDE (__start_data_RAM2 = .)
                [!provide]                PROVIDE (__start_data_SRAM_ITC = .)
 *(SORT_BY_ALIGNMENT(.ramfunc.$RAM2))
 *(SORT_BY_ALIGNMENT(.ramfunc.$SRAM_ITC))
 *flexspi_nor_flash_ops.o(SORT_BY_ALIGNMENT(.text*))
 .text.CLOCK_SetMux
                0x00000000       0x9c ./source/flexspi_nor_flash_ops.o
 .text.CLOCK_SetDiv
                0x0000009c       0x9c ./source/flexspi_nor_flash_ops.o
 .text.flexspi_clock_init
                0x00000138       0x20 ./source/flexspi_nor_flash_ops.o
 .text.flexspi_nor_disable_cache
                0x00000158      0x10c ./source/flexspi_nor_flash_ops.o
                0x00000158                flexspi_nor_disable_cache
 .text.flexspi_nor_enable_cache
                0x00000264       0xf0 ./source/flexspi_nor_flash_ops.o
                0x00000264                flexspi_nor_enable_cache
 .text.flexspi_nor_flash_init
                0x00000354       0xd4 ./source/flexspi_nor_flash_ops.o
                0x00000354                flexspi_nor_flash_init
 .text.FLEXSPI_SoftwareReset
                0x00000428       0x30 ./source/flexspi_nor_flash_ops.o
 .text.flexspi_nor_write_enable
                0x00000458       0x36 ./source/flexspi_nor_flash_ops.o
                0x00000458                flexspi_nor_write_enable
 .text.flexspi_nor_wait_bus_busy
                0x0000048e       0x68 ./source/flexspi_nor_flash_ops.o
                0x0000048e                flexspi_nor_wait_bus_busy
 .text.flexspi_nor_enable_quad_mode
                0x000004f6       0x88 ./source/flexspi_nor_flash_ops.o
                0x000004f6                flexspi_nor_enable_quad_mode
 .text.flexspi_nor_flash_erase_sector
                0x0000057e       0x8a ./source/flexspi_nor_flash_ops.o
                0x0000057e                flexspi_nor_flash_erase_sector
 .text.flexspi_nor_flash_page_program
                0x00000608       0x90 ./source/flexspi_nor_flash_ops.o
                0x00000608                flexspi_nor_flash_page_program
 .text.flexspi_nor_get_vendor_id
                0x00000698       0x4e ./source/flexspi_nor_flash_ops.o
                0x00000698                flexspi_nor_get_vendor_id
 *fsl_flexspi.o(SORT_BY_ALIGNMENT(.text*))
 *fill*         0x000006e6        0x2 ff
 .text.CLOCK_ControlGate
                0x000006e8       0x60 ./drivers/fsl_flexspi.o
 .text.FLEXSPI_Memset
                0x00000748       0x4c ./drivers/fsl_flexspi.o
 .text.FLEXSPI_GetInstance
                0x00000794       0x4c ./drivers/fsl_flexspi.o
                0x00000794                FLEXSPI_GetInstance
 .text.FLEXSPI_CalculateDll
                0x000007e0       0xc0 ./drivers/fsl_flexspi.o
 .text.FLEXSPI_CheckAndClearError
                0x000008a0       0x70 ./drivers/fsl_flexspi.o
                0x000008a0                FLEXSPI_CheckAndClearError
 .text.FLEXSPI_Init
                0x00000910      0x27c ./drivers/fsl_flexspi.o
                0x00000910                FLEXSPI_Init
 .text.FLEXSPI_SetFlashConfig
                0x00000b8c      0x1d4 ./drivers/fsl_flexspi.o
                0x00000b8c                FLEXSPI_SetFlashConfig
 .text.FLEXSPI_UpdateLUT
                0x00000d60       0x8c ./drivers/fsl_flexspi.o
                0x00000d60                FLEXSPI_UpdateLUT
 .text.FLEXSPI_DriverIRQHandler
                0x00000dec       0x28 ./drivers/fsl_flexspi.o
                0x00000dec                FLEXSPI_DriverIRQHandler
 .text.FLEXSPI2_DriverIRQHandler
                0x00000e14       0x28 ./drivers/fsl_flexspi.o
                0x00000e14                FLEXSPI2_DriverIRQHandler
 .text._SDK_AtomicLocalClearAndSet4Byte
                0x00000e3c       0x50 ./drivers/fsl_flexspi.o
 .text.CLOCK_EnableClock
                0x00000e8c       0x1e ./drivers/fsl_flexspi.o
 .text.FLEXSPI_SoftwareReset
                0x00000eaa       0x30 ./drivers/fsl_flexspi.o
 .text.FLEXSPI_ClearInterruptStatusFlags
                0x00000eda       0x1c ./drivers/fsl_flexspi.o
 .text.FLEXSPI_GetBusIdleStatus
                0x00000ef6       0x3c ./drivers/fsl_flexspi.o
 .text.FLEXSPI_GetDefaultConfig
                0x00000f32      0x13e ./drivers/fsl_flexspi.o
                0x00000f32                FLEXSPI_GetDefaultConfig
 .text.FLEXSPI_UpdateDllValue
                0x00001070       0x9c ./drivers/fsl_flexspi.o
                0x00001070                FLEXSPI_UpdateDllValue
 .text.FLEXSPI_WriteBlocking
                0x0000110c      0x11c ./drivers/fsl_flexspi.o
                0x0000110c                FLEXSPI_WriteBlocking
 .text.FLEXSPI_ReadBlocking
                0x00001228      0x174 ./drivers/fsl_flexspi.o
                0x00001228                FLEXSPI_ReadBlocking
 .text.FLEXSPI_TransferBlocking
                0x0000139c      0x120 ./drivers/fsl_flexspi.o
                0x0000139c                FLEXSPI_TransferBlocking
 *fill*         0x000014bc        0x4 ff
 .text.FLEXSPI_TransferBlocking.__stub
                0x000014c0       0x18 linker stubs
                0x000014d8                . = ALIGN (0x4)
                [!provide]                PROVIDE (__end_data_RAM2 = .)
                [!provide]                PROVIDE (__end_data_SRAM_ITC = .)

.rel.dyn        0x000014d8        0x0 load address 0x70007c3c
 .rel.iplt      0x000014d8        0x0 ./xip/fsl_flexspi_nor_boot.o

.data_RAM3      0x20200000        0x0 load address 0x70007c3c
 FILL mask 0xff
                [!provide]                PROVIDE (__start_data_RAM3 = .)
                [!provide]                PROVIDE (__start_data_SRAM_OC = .)
 *(SORT_BY_ALIGNMENT(.ramfunc.$RAM3))
 *(SORT_BY_ALIGNMENT(.ramfunc.$SRAM_OC))
                0x20200000                . = ALIGN (0x4)
                [!provide]                PROVIDE (__end_data_RAM3 = .)
                [!provide]                PROVIDE (__end_data_SRAM_OC = .)

.data_RAM4      0x80000000        0x0 load address 0x70007c3c
 FILL mask 0xff
                [!provide]                PROVIDE (__start_data_RAM4 = .)
                [!provide]                PROVIDE (__start_data_BOARD_SDRAM = .)
 *(SORT_BY_ALIGNMENT(.ramfunc.$RAM4))
 *(SORT_BY_ALIGNMENT(.ramfunc.$BOARD_SDRAM))
                0x80000000                . = ALIGN (0x4)
                [!provide]                PROVIDE (__end_data_RAM4 = .)
                [!provide]                PROVIDE (__end_data_BOARD_SDRAM = .)

.data_RAM5      0x81e00000        0x0 load address 0x70007c3c
 FILL mask 0xff
                [!provide]                PROVIDE (__start_data_RAM5 = .)
                [!provide]                PROVIDE (__start_data_NCACHE_REGION = .)
 *(SORT_BY_ALIGNMENT(.ramfunc.$RAM5))
 *(SORT_BY_ALIGNMENT(.ramfunc.$NCACHE_REGION))
                0x81e00000                . = ALIGN (0x4)
                [!provide]                PROVIDE (__end_data_RAM5 = .)
                [!provide]                PROVIDE (__end_data_NCACHE_REGION = .)

.uninit_RESERVED
                0x20000000        0x0
                0x20000000                _start_uninit_RESERVED = .
 *(SORT_BY_ALIGNMENT(.bss.$RESERVED*))
                0x20000000                . = ALIGN (0x4)
                0x20000000                _end_uninit_RESERVED = .

.data           0x20000000       0x24 load address 0x70007c3c
 FILL mask 0xff
                0x20000000                _data = .
                [!provide]                PROVIDE (__start_data_RAM = .)
                [!provide]                PROVIDE (__start_data_SRAM_DTC = .)
 *(SORT_BY_ALIGNMENT(vtable))
 *(SORT_BY_ALIGNMENT(.ramfunc*))
 *(SORT_BY_ALIGNMENT(CodeQuickAccess))
 *(SORT_BY_ALIGNMENT(DataQuickAccess))
 *(SORT_BY_ALIGNMENT(RamFunction))
 *(SORT_BY_ALIGNMENT(NonCacheable.init))
 *(SORT_BY_ALIGNMENT(.data*))
 .data.deviceconfig
                0x20000000       0x20 ./source/flexspi_nor_polling_transfer.o
                0x20000000                deviceconfig
 .data.SystemCoreClock
                0x20000020        0x4 ./device/system_MIMXRT1064.o
                0x20000020                SystemCoreClock
                0x20000024                . = ALIGN (0x4)
                0x20000024                _edata = .
                [!provide]                PROVIDE (__end_data_RAM = .)
                [!provide]                PROVIDE (__end_data_SRAM_DTC = .)

.igot.plt       0x20000024        0x0 load address 0x70007c60
 .igot.plt      0x20000024        0x0 ./xip/fsl_flexspi_nor_boot.o

.bss_RAM2       0x000014d8        0x0
                [!provide]                PROVIDE (__start_bss_RAM2 = .)
                [!provide]                PROVIDE (__start_bss_SRAM_ITC = .)
                0x000014d8                . = ALIGN ((. != 0x0)?0x4:0x1)
                [!provide]                PROVIDE (__end_bss_RAM2 = .)
                [!provide]                PROVIDE (__end_bss_SRAM_ITC = .)

.bss_RAM3       0x20200000      0x32c
                [!provide]                PROVIDE (__start_bss_RAM3 = .)
                [!provide]                PROVIDE (__start_bss_SRAM_OC = .)
 *(SORT_BY_ALIGNMENT(.bss*))
 .bss.s_debugConsole
                0x20200000       0x14 ./utilities/fsl_debug_console.o
 .bss.s_nor_program_buffer
                0x20200014      0x100 ./source/flexspi_nor_polling_transfer.o
 .bss.s_nor_read_buffer
                0x20200114      0x100 ./source/flexspi_nor_polling_transfer.o
 .bss.g_xtalFreq
                0x20200214        0x4 ./drivers/fsl_clock.o
                0x20200214                g_xtalFreq
 .bss.g_rtcXtalFreq
                0x20200218        0x4 ./drivers/fsl_clock.o
                0x20200218                g_rtcXtalFreq
 .bss.s_flexspiHandle
                0x2020021c        0xc ./drivers/fsl_flexspi.o
 .bss.s_flexspiIsr
                0x20200228        0x4 ./drivers/fsl_flexspi.o
 .bss.s_lpuartHandle
                0x2020022c       0x24 ./drivers/fsl_lpuart.o
                0x2020022c                s_lpuartHandle
 .bss.s_lpuartIsr
                0x20200250       0x24 ./drivers/fsl_lpuart.o
                0x20200250                s_lpuartIsr
 .bss.errno     0x20200274        0x4 c:/nxp/mcuxpressoide_11.8.0_1165/ide/plugins/com.nxp.mcuxpresso.tools.win32_11.8.0.202306131047/tools/bin/../lib/gcc/arm-none-eabi/12.2.1/../../../../arm-none-eabi/lib/thumb/v7e-m+dp/hard\libcr_c.a(errno.o)
                0x20200274                errno
 .bss.__Ciob    0x20200278       0xb4 c:/nxp/mcuxpressoide_11.8.0_1165/ide/plugins/com.nxp.mcuxpresso.tools.win32_11.8.0.202306131047/tools/bin/../lib/gcc/arm-none-eabi/12.2.1/../../../../arm-none-eabi/lib/thumb/v7e-m+dp/hard\libcr_nohost_nf.a(__ciob.o)
                0x20200278                __Ciob
                0x2020032c                . = ALIGN ((. != 0x0)?0x4:0x1)
                [!provide]                PROVIDE (__end_bss_RAM3 = .)
                [!provide]                PROVIDE (__end_bss_SRAM_OC = .)

.bss_RAM4       0x80000000        0x0
                [!provide]                PROVIDE (__start_bss_RAM4 = .)
                [!provide]                PROVIDE (__start_bss_BOARD_SDRAM = .)
                0x80000000                . = ALIGN ((. != 0x0)?0x4:0x1)
                [!provide]                PROVIDE (__end_bss_RAM4 = .)
                [!provide]                PROVIDE (__end_bss_BOARD_SDRAM = .)

.bss_RAM5       0x81e00000        0x0
                [!provide]                PROVIDE (__start_bss_RAM5 = .)
                [!provide]                PROVIDE (__start_bss_NCACHE_REGION = .)
                0x81e00000                . = ALIGN ((. != 0x0)?0x4:0x1)
                [!provide]                PROVIDE (__end_bss_RAM5 = .)
                [!provide]                PROVIDE (__end_bss_NCACHE_REGION = .)

.bss            0x20000024        0x0
                0x20000024                _bss = .
                [!provide]                PROVIDE (__start_bss_RAM = .)
                [!provide]                PROVIDE (__start_bss_SRAM_DTC = .)
 *(SORT_BY_ALIGNMENT(NonCacheable))
 *(SORT_BY_ALIGNMENT(.bss*))
 *(SORT_BY_ALIGNMENT(COMMON))
                0x20000024                . = ALIGN (0x4)
                0x20000024                _ebss = .
                [!provide]                PROVIDE (__end_bss_RAM = .)
                [!provide]                PROVIDE (__end_bss_SRAM_DTC = .)
                [!provide]                PROVIDE (end = .)

.noinit_RAM2    0x000014d8        0x0
                [!provide]                PROVIDE (__start_noinit_RAM2 = .)
                [!provide]                PROVIDE (__start_noinit_SRAM_ITC = .)
 *(SORT_BY_ALIGNMENT(.noinit.$RAM2))
 *(SORT_BY_ALIGNMENT(.noinit.$SRAM_ITC))
 *(SORT_BY_ALIGNMENT(.noinit.$RAM2.*))
 *(SORT_BY_ALIGNMENT(.noinit.$SRAM_ITC.*))
                0x000014d8                . = ALIGN (0x4)
                [!provide]                PROVIDE (__end_noinit_RAM2 = .)
                [!provide]                PROVIDE (__end_noinit_SRAM_ITC = .)

.noinit_RAM3    0x2020032c        0x0
                [!provide]                PROVIDE (__start_noinit_RAM3 = .)
                [!provide]                PROVIDE (__start_noinit_SRAM_OC = .)
 *(SORT_BY_ALIGNMENT(.noinit.$RAM3))
 *(SORT_BY_ALIGNMENT(.noinit.$SRAM_OC))
 *(SORT_BY_ALIGNMENT(.noinit.$RAM3.*))
 *(SORT_BY_ALIGNMENT(.noinit.$SRAM_OC.*))
                0x2020032c                . = ALIGN (0x4)
                [!provide]                PROVIDE (__end_noinit_RAM3 = .)
                [!provide]                PROVIDE (__end_noinit_SRAM_OC = .)

.noinit_RAM4    0x80000000        0x0
                [!provide]                PROVIDE (__start_noinit_RAM4 = .)
                [!provide]                PROVIDE (__start_noinit_BOARD_SDRAM = .)
 *(SORT_BY_ALIGNMENT(.noinit.$RAM4))
 *(SORT_BY_ALIGNMENT(.noinit.$BOARD_SDRAM))
 *(SORT_BY_ALIGNMENT(.noinit.$RAM4.*))
 *(SORT_BY_ALIGNMENT(.noinit.$BOARD_SDRAM.*))
                0x80000000                . = ALIGN (0x4)
                [!provide]                PROVIDE (__end_noinit_RAM4 = .)
                [!provide]                PROVIDE (__end_noinit_BOARD_SDRAM = .)

.noinit_RAM5    0x81e00000        0x0
                [!provide]                PROVIDE (__start_noinit_RAM5 = .)
                [!provide]                PROVIDE (__start_noinit_NCACHE_REGION = .)
 *(SORT_BY_ALIGNMENT(.noinit.$RAM5))
 *(SORT_BY_ALIGNMENT(.noinit.$NCACHE_REGION))
 *(SORT_BY_ALIGNMENT(.noinit.$RAM5.*))
 *(SORT_BY_ALIGNMENT(.noinit.$NCACHE_REGION.*))
                0x81e00000                . = ALIGN (0x4)
                [!provide]                PROVIDE (__end_noinit_RAM5 = .)
                [!provide]                PROVIDE (__end_noinit_NCACHE_REGION = .)

.noinit         0x20000024        0x0
                0x20000024                _noinit = .
                [!provide]                PROVIDE (__start_noinit_RAM = .)
                [!provide]                PROVIDE (__start_noinit_SRAM_DTC = .)
 *(SORT_BY_ALIGNMENT(.noinit*))
                0x20000024                . = ALIGN (0x4)
                0x20000024                _end_noinit = .
                [!provide]                PROVIDE (__end_noinit_RAM = .)
                [!provide]                PROVIDE (__end_noinit_SRAM_DTC = .)
                0x00001000                _HeapSize = 0x1000

.heap           0x20000024     0x1000
                0x20000024                _pvHeapStart = .
                0x20001024                . = (. + _HeapSize)
 *fill*         0x20000024     0x1000 
                0x20001024                . = ALIGN (0x4)
                0x20001024                _pvHeapLimit = .
                0x00001000                _StackSize = 0x1000

.heap2stackfill
                0x20001024     0x1000
                0x20002024                . = (. + _StackSize)
 *fill*         0x20001024     0x1000 

.stack          0x2001f000        0x0
                0x2001f000                _vStackBase = .
                0x2001f000                . = ALIGN (0x4)
                0x20020000                _vStackTop = (. + _StackSize)
                0x70002000                _image_start = LOADADDR (.text)
                0x70007c60                _image_end = (LOADADDR (.data) + SIZEOF (.data))
                0x00005c60                _image_size = (_image_end - _image_start)
OUTPUT(evkmimxrt1064_flexspi_nor_polling_transfer.axf elf32-littlearm)
LOAD linker stubs

.debug_info     0x00000000    0x114ad
 .debug_info    0x00000000      0x80f ./xip/evkmimxrt1064_flexspi_nor_config.o
 .debug_info    0x0000080f      0x45e ./xip/fsl_flexspi_nor_boot.o
 .debug_info    0x00000c6d       0xcb ./utilities/fsl_assert.o
 .debug_info    0x00000d38      0xc68 ./utilities/fsl_debug_console.o
 .debug_info    0x000019a0       0x25 ./utilities/fsl_memcpy.o
 .debug_info    0x000019c5     0x1402 ./startup/startup_mimxrt1064.o
 .debug_info    0x00002dc7     0x188a ./source/flexspi_nor_flash_ops.o
 .debug_info    0x00004651      0xb03 ./source/flexspi_nor_polling_transfer.o
 .debug_info    0x00005154       0x3d ./source/semihost_hardfault.o
 .debug_info    0x00005191      0x807 ./drivers/fsl_cache.o
 .debug_info    0x00005998     0x240c ./drivers/fsl_clock.o
 .debug_info    0x00007da4     0x23d1 ./drivers/fsl_flexspi.o
 .debug_info    0x0000a175     0x27f2 ./drivers/fsl_lpuart.o
 .debug_info    0x0000c967      0xc28 ./device/system_MIMXRT1064.o
 .debug_info    0x0000d58f      0xb96 ./component/uart/fsl_adapter_lpuart.o
 .debug_info    0x0000e125      0xffd ./board/board.o
 .debug_info    0x0000f122     0x1ad1 ./board/clock_config.o
 .debug_info    0x00010bf3      0x8ba ./board/pin_mux.o

.debug_abbrev   0x00000000     0x263e
 .debug_abbrev  0x00000000      0x114 ./xip/evkmimxrt1064_flexspi_nor_config.o
 .debug_abbrev  0x00000114       0xe8 ./xip/fsl_flexspi_nor_boot.o
 .debug_abbrev  0x000001fc       0x8f ./utilities/fsl_assert.o
 .debug_abbrev  0x0000028b      0x26e ./utilities/fsl_debug_console.o
 .debug_abbrev  0x000004f9       0x14 ./utilities/fsl_memcpy.o
 .debug_abbrev  0x0000050d      0x149 ./startup/startup_mimxrt1064.o
 .debug_abbrev  0x00000656      0x3ad ./source/flexspi_nor_flash_ops.o
 .debug_abbrev  0x00000a03      0x1da ./source/flexspi_nor_polling_transfer.o
 .debug_abbrev  0x00000bdd       0x2f ./source/semihost_hardfault.o
 .debug_abbrev  0x00000c0c      0x204 ./drivers/fsl_cache.o
 .debug_abbrev  0x00000e10      0x376 ./drivers/fsl_clock.o
 .debug_abbrev  0x00001186      0x420 ./drivers/fsl_flexspi.o
 .debug_abbrev  0x000015a6      0x4a1 ./drivers/fsl_lpuart.o
 .debug_abbrev  0x00001a47      0x178 ./device/system_MIMXRT1064.o
 .debug_abbrev  0x00001bbf      0x1ee ./component/uart/fsl_adapter_lpuart.o
 .debug_abbrev  0x00001dad      0x319 ./board/board.o
 .debug_abbrev  0x000020c6      0x33b ./board/clock_config.o
 .debug_abbrev  0x00002401      0x23d ./board/pin_mux.o

.debug_aranges  0x00000000      0xda0
 .debug_aranges
                0x00000000       0x18 ./xip/evkmimxrt1064_flexspi_nor_config.o
 .debug_aranges
                0x00000018       0x18 ./xip/fsl_flexspi_nor_boot.o
 .debug_aranges
                0x00000030       0x20 ./utilities/fsl_assert.o
 .debug_aranges
                0x00000050       0x78 ./utilities/fsl_debug_console.o
 .debug_aranges
                0x000000c8       0x20 ./utilities/fsl_memcpy.o
 .debug_aranges
                0x000000e8      0x570 ./startup/startup_mimxrt1064.o
 .debug_aranges
                0x00000658       0x98 ./source/flexspi_nor_flash_ops.o
 .debug_aranges
                0x000006f0       0x20 ./source/flexspi_nor_polling_transfer.o
 .debug_aranges
                0x00000710       0x20 ./source/semihost_hardfault.o
 .debug_aranges
                0x00000730       0x58 ./drivers/fsl_cache.o
 .debug_aranges
                0x00000788      0x1b0 ./drivers/fsl_clock.o
 .debug_aranges
                0x00000938      0x110 ./drivers/fsl_flexspi.o
 .debug_aranges
                0x00000a48      0x1a8 ./drivers/fsl_lpuart.o
 .debug_aranges
                0x00000bf0       0x30 ./device/system_MIMXRT1064.o
 .debug_aranges
                0x00000c20       0x58 ./component/uart/fsl_adapter_lpuart.o
 .debug_aranges
                0x00000c78       0x58 ./board/board.o
 .debug_aranges
                0x00000cd0       0x80 ./board/clock_config.o
 .debug_aranges
                0x00000d50       0x50 ./board/pin_mux.o

.debug_macro    0x00000000    0x2da39
 .debug_macro   0x00000000      0x14b ./xip/evkmimxrt1064_flexspi_nor_config.o
 .debug_macro   0x0000014b      0xb08 ./xip/evkmimxrt1064_flexspi_nor_config.o
 .debug_macro   0x00000c53       0x10 ./xip/evkmimxrt1064_flexspi_nor_config.o
 .debug_macro   0x00000c63      0x12e ./xip/evkmimxrt1064_flexspi_nor_config.o
 .debug_macro   0x00000d91      0x5b3 ./xip/evkmimxrt1064_flexspi_nor_config.o
 .debug_macro   0x00001344       0x22 ./xip/evkmimxrt1064_flexspi_nor_config.o
 .debug_macro   0x00001366       0x16 ./xip/evkmimxrt1064_flexspi_nor_config.o
 .debug_macro   0x0000137c       0x82 ./xip/evkmimxrt1064_flexspi_nor_config.o
 .debug_macro   0x000013fe       0x22 ./xip/evkmimxrt1064_flexspi_nor_config.o
 .debug_macro   0x00001420       0x10 ./xip/evkmimxrt1064_flexspi_nor_config.o
 .debug_macro   0x00001430       0x4d ./xip/evkmimxrt1064_flexspi_nor_config.o
 .debug_macro   0x0000147d       0x1c ./xip/evkmimxrt1064_flexspi_nor_config.o
 .debug_macro   0x00001499       0x22 ./xip/evkmimxrt1064_flexspi_nor_config.o
 .debug_macro   0x000014bb       0xfb ./xip/evkmimxrt1064_flexspi_nor_config.o
 .debug_macro   0x000015b6     0x1313 ./xip/evkmimxrt1064_flexspi_nor_config.o
 .debug_macro   0x000028c9      0x11f ./xip/evkmimxrt1064_flexspi_nor_config.o
 .debug_macro   0x000029e8       0x22 ./xip/evkmimxrt1064_flexspi_nor_config.o
 .debug_macro   0x00002a0a       0x22 ./xip/evkmimxrt1064_flexspi_nor_config.o
 .debug_macro   0x00002a2c    0x26964 ./xip/evkmimxrt1064_flexspi_nor_config.o
 .debug_macro   0x00029390      0x8ca ./xip/evkmimxrt1064_flexspi_nor_config.o
 .debug_macro   0x00029c5a       0x7a ./xip/evkmimxrt1064_flexspi_nor_config.o
 .debug_macro   0x00029cd4       0xb6 ./xip/evkmimxrt1064_flexspi_nor_config.o
 .debug_macro   0x00029d8a      0x24e ./xip/evkmimxrt1064_flexspi_nor_config.o
 .debug_macro   0x00029fd8      0x1a4 ./xip/evkmimxrt1064_flexspi_nor_config.o
 .debug_macro   0x0002a17c      0x170 ./xip/fsl_flexspi_nor_boot.o
 .debug_macro   0x0002a2ec      0x2ad ./xip/fsl_flexspi_nor_boot.o
 .debug_macro   0x0002a599       0x10 ./xip/fsl_flexspi_nor_boot.o
 .debug_macro   0x0002a5a9      0x160 ./xip/fsl_flexspi_nor_boot.o
 .debug_macro   0x0002a709       0x7c ./xip/fsl_flexspi_nor_boot.o
 .debug_macro   0x0002a785      0x147 ./utilities/fsl_assert.o
 .debug_macro   0x0002a8cc       0x1c ./utilities/fsl_assert.o
 .debug_macro   0x0002a8e8       0x1c ./utilities/fsl_assert.o
 .debug_macro   0x0002a904       0x1c ./utilities/fsl_assert.o
 .debug_macro   0x0002a920       0x34 ./utilities/fsl_assert.o
 .debug_macro   0x0002a954      0x177 ./utilities/fsl_debug_console.o
 .debug_macro   0x0002aacb       0x16 ./utilities/fsl_debug_console.o
 .debug_macro   0x0002aae1       0x10 ./utilities/fsl_debug_console.o
 .debug_macro   0x0002aaf1       0x28 ./utilities/fsl_debug_console.o
 .debug_macro   0x0002ab19       0xc4 ./utilities/fsl_debug_console.o
 .debug_macro   0x0002abdd       0x16 ./utilities/fsl_debug_console.o
 .debug_macro   0x0002abf3       0x47 ./utilities/fsl_debug_console.o
 .debug_macro   0x0002ac3a       0x29 ./startup/startup_mimxrt1064.o
 .debug_macro   0x0002ac63      0x150 ./source/flexspi_nor_flash_ops.o
 .debug_macro   0x0002adb3       0x16 ./source/flexspi_nor_flash_ops.o
 .debug_macro   0x0002adc9       0x1c ./source/flexspi_nor_flash_ops.o
 .debug_macro   0x0002ade5       0x16 ./source/flexspi_nor_flash_ops.o
 .debug_macro   0x0002adfb       0xb2 ./source/flexspi_nor_flash_ops.o
 .debug_macro   0x0002aead       0x10 ./source/flexspi_nor_flash_ops.o
 .debug_macro   0x0002aebd      0x1a4 ./source/flexspi_nor_polling_transfer.o
 .debug_macro   0x0002b061       0x11 ./source/semihost_hardfault.o
 .debug_macro   0x0002b072      0x146 ./drivers/fsl_cache.o
 .debug_macro   0x0002b1b8      0x136 ./drivers/fsl_clock.o
 .debug_macro   0x0002b2ee      0x156 ./drivers/fsl_flexspi.o
 .debug_macro   0x0002b444      0x145 ./drivers/fsl_lpuart.o
 .debug_macro   0x0002b589       0x10 ./drivers/fsl_lpuart.o
 .debug_macro   0x0002b599       0xb3 ./device/system_MIMXRT1064.o
 .debug_macro   0x0002b64c      0x164 ./component/uart/fsl_adapter_lpuart.o
 .debug_macro   0x0002b7b0       0x41 ./component/uart/fsl_adapter_lpuart.o
 .debug_macro   0x0002b7f1      0x175 ./board/board.o
 .debug_macro   0x0002b966     0x1ba1 ./board/board.o
 .debug_macro   0x0002d507      0x148 ./board/clock_config.o
 .debug_macro   0x0002d64f      0x2a7 ./board/clock_config.o
 .debug_macro   0x0002d8f6      0x143 ./board/pin_mux.o

.debug_line     0x00000000     0xa2d5
 .debug_line    0x00000000      0x4b4 ./xip/evkmimxrt1064_flexspi_nor_config.o
 .debug_line    0x000004b4      0x538 ./xip/fsl_flexspi_nor_boot.o
 .debug_line    0x000009ec      0x4bc ./utilities/fsl_assert.o
 .debug_line    0x00000ea8      0x9cb ./utilities/fsl_debug_console.o
 .debug_line    0x00001873       0x88 ./utilities/fsl_memcpy.o
 .debug_line    0x000018fb     0x11a5 ./startup/startup_mimxrt1064.o
 .debug_line    0x00002aa0      0xa62 ./source/flexspi_nor_flash_ops.o
 .debug_line    0x00003502      0x699 ./source/flexspi_nor_polling_transfer.o
 .debug_line    0x00003b9b       0x59 ./source/semihost_hardfault.o
 .debug_line    0x00003bf4      0x607 ./drivers/fsl_cache.o
 .debug_line    0x000041fb     0x1283 ./drivers/fsl_clock.o
 .debug_line    0x0000547e     0x12bf ./drivers/fsl_flexspi.o
 .debug_line    0x0000673d     0x15d5 ./drivers/fsl_lpuart.o
 .debug_line    0x00007d12      0x527 ./device/system_MIMXRT1064.o
 .debug_line    0x00008239      0x68b ./component/uart/fsl_adapter_lpuart.o
 .debug_line    0x000088c4      0x999 ./board/board.o
 .debug_line    0x0000925d      0xaaf ./board/clock_config.o
 .debug_line    0x00009d0c      0x5c9 ./board/pin_mux.o

.debug_str      0x00000000   0x16aa33
 .debug_str     0x00000000   0x14e0c4 ./xip/evkmimxrt1064_flexspi_nor_config.o
                             0x14e153 (size before relaxing)
 .debug_str     0x0014e0c4     0x1f74 ./xip/fsl_flexspi_nor_boot.o
                             0x14f23d (size before relaxing)
 .debug_str     0x00150038      0x1e1 ./utilities/fsl_assert.o
                             0x14cae6 (size before relaxing)
 .debug_str     0x00150219      0xd92 ./utilities/fsl_debug_console.o
                             0x14e269 (size before relaxing)
 .debug_str     0x00150fab       0x28 ./utilities/fsl_memcpy.o
                                 0x99 (size before relaxing)
 .debug_str     0x00150fd3      0xe47 ./startup/startup_mimxrt1064.o
                               0x3df7 (size before relaxing)
 .debug_str     0x00151e1a     0x1521 ./source/flexspi_nor_flash_ops.o
                             0x14e080 (size before relaxing)
 .debug_str     0x0015333b      0x40d ./source/flexspi_nor_polling_transfer.o
                             0x14feec (size before relaxing)
 .debug_str     0x00153748       0x1f ./source/semihost_hardfault.o
                               0x2f6b (size before relaxing)
 .debug_str     0x00153767      0x196 ./drivers/fsl_cache.o
                             0x14cc6a (size before relaxing)
 .debug_str     0x001538fd     0x1614 ./drivers/fsl_clock.o
                             0x14ee7b (size before relaxing)